[    0.000000] Booting Linux on physical CPU 0x0000000000 [0x410fd034]
[    0.000000] Linux version 6.1.29-rockchip64 (armbian@next) (aarch64-linux-gnu-gcc (Ubuntu 11.3.0-1ubuntu1~22.04.1) 11.3.0, GNU ld (GNU Binutils for Ubuntu) 2.38) #3 SMP PREEMPT Wed May 17 04:54:00 CDT 2023
[    0.000000] Machine model: Rockchip RK3318 BOX
[    0.000000] efi: UEFI not found.
[    0.000000] NUMA: No NUMA configuration found
[    0.000000] NUMA: Faking a node at [mem 0x0000000000200000-0x00000000feffffff]
[    0.000000] NUMA: NODE_DATA [mem 0xfe7b1a80-0xfe7b3fff]
[    0.000000] Zone ranges:
[    0.000000]   DMA      [mem 0x0000000000200000-0x00000000feffffff]
[    0.000000]   DMA32    empty
[    0.000000]   Normal   empty
[    0.000000] Movable zone start for each node
[    0.000000] Early memory node ranges
[    0.000000]   node   0: [mem 0x0000000000200000-0x00000000feffffff]
[    0.000000] Initmem setup node 0 [mem 0x0000000000200000-0x00000000feffffff]
[    0.000000] On node 0, zone DMA: 512 pages in unavailable ranges
[    0.000000] On node 0, zone DMA: 4096 pages in unavailable ranges
[    0.000000] cma: Reserved 128 MiB at 0x00000000f2600000
[    0.000000] psci: probing for conduit method from DT.
[    0.000000] psci: PSCIv1.1 detected in firmware.
[    0.000000] psci: Using standard PSCI v0.2 function IDs
[    0.000000] psci: MIGRATE_INFO_TYPE not supported.
[    0.000000] psci: SMC Calling Convention v1.2
[    0.000000] percpu: Embedded 30 pages/cpu s82472 r8192 d32216 u122880
[    0.000000] pcpu-alloc: s82472 r8192 d32216 u122880 alloc=30*4096
[    0.000000] pcpu-alloc: [0] 0 [0] 1 [0] 2 [0] 3 
[    0.000000] Detected VIPT I-cache on CPU0
[    0.000000] CPU features: detected: ARM erratum 845719
[    0.000000] alternatives: applying boot alternatives
[    0.000000] Fallback order for Node 0: 0 
[    0.000000] Built 1 zonelists, mobility grouping on.  Total pages: 1027656
[    0.000000] Policy zone: DMA
[    0.000000] Kernel command line: root=UUID=f7e5e13c-a2db-428c-aa0c-073b6bd6ecea rootwait rootfstype=ext4 splash=verbose console=ttyS2,1500000 console=tty1 consoleblank=0 loglevel=1 ubootpart=b36b5f3d-01 usb-storage.quirks=0x2537:0x1066:u,0x2537:0x1068:u   cgroup_enable=cpuset cgroup_memory=1 cgroup_enable=memory swapaccount=1
[    0.000000] The swapaccount= commandline option is deprecated. Please report your usecase to linux-mm@kvack.org if you depend on this functionality.
[    0.000000] Unknown kernel command line parameters "splash=verbose ubootpart=b36b5f3d-01 cgroup_enable=memory cgroup_memory=1", will be passed to user space.
[    0.000000] Dentry cache hash table entries: 524288 (order: 10, 4194304 bytes, linear)
[    0.000000] Inode-cache hash table entries: 262144 (order: 9, 2097152 bytes, linear)
[    0.000000] mem auto-init: stack:off, heap alloc:on, heap free:off
[    0.000000] Memory: 3913140K/4175872K available (16448K kernel code, 2286K rwdata, 5716K rodata, 3968K init, 604K bss, 131660K reserved, 131072K cma-reserved)
[    0.000000] SLUB: HWalign=64, Order=0-3, MinObjects=0, CPUs=4, Nodes=1
[    0.000000] trace event string verifier disabled
[    0.000000] rcu: Preemptible hierarchical RCU implementation.
[    0.000000] rcu: 	RCU event tracing is enabled.
[    0.000000] rcu: 	RCU restricting CPUs from NR_CPUS=256 to nr_cpu_ids=4.
[    0.000000] 	Trampoline variant of Tasks RCU enabled.
[    0.000000] 	Tracing variant of Tasks RCU enabled.
[    0.000000] rcu: RCU calculated value of scheduler-enlistment delay is 25 jiffies.
[    0.000000] rcu: Adjusting geometry for rcu_fanout_leaf=16, nr_cpu_ids=4
[    0.000000] NR_IRQS: 64, nr_irqs: 64, preallocated irqs: 0
[    0.000000] Root IRQ handler: gic_handle_irq
[    0.000000] GIC: Using split EOI/Deactivate mode
[    0.000000] rcu: srcu_init: Setting srcu_struct sizes based on contention.
[    0.000000] arch_timer: cp15 timer(s) running at 24.00MHz (phys).
[    0.000000] clocksource: arch_sys_counter: mask: 0xffffffffffffff max_cycles: 0x588fe9dc0, max_idle_ns: 440795202592 ns
[    0.000001] sched_clock: 56 bits at 24MHz, resolution 41ns, wraps every 4398046511097ns
[    0.001006] Console: colour dummy device 80x25
[    0.001086] printk: console [tty1] enabled
[    0.001200] Calibrating delay loop (skipped), value calculated using timer frequency.. 48.00 BogoMIPS (lpj=96000)
[    0.001228] pid_max: default: 32768 minimum: 301
[    0.001364] LSM: Security Framework initializing
[    0.001394] Yama: becoming mindful.
[    0.001484] Stack Depot allocating hash table of 262144 entries with kvcalloc
[    0.002138] Mount-cache hash table entries: 8192 (order: 4, 65536 bytes, linear)
[    0.002181] Mountpoint-cache hash table entries: 8192 (order: 4, 65536 bytes, linear)
[    0.005540] cblist_init_generic: Setting adjustable number of callback queues.
[    0.005566] cblist_init_generic: Setting shift to 2 and lim to 1.
[    0.005759] cblist_init_generic: Setting shift to 2 and lim to 1.
[    0.006224] rcu: Hierarchical SRCU implementation.
[    0.006234] rcu: 	Max phase no-delay instances is 1000.
[    0.009723] EFI services will not be available.
[    0.010467] smp: Bringing up secondary CPUs ...
[    0.011674] Detected VIPT I-cache on CPU1
[    0.011857] CPU1: Booted secondary processor 0x0000000001 [0x410fd034]
[    0.013235] Detected VIPT I-cache on CPU2
[    0.013416] CPU2: Booted secondary processor 0x0000000002 [0x410fd034]
[    0.014802] Detected VIPT I-cache on CPU3
[    0.014991] CPU3: Booted secondary processor 0x0000000003 [0x410fd034]
[    0.015204] smp: Brought up 1 node, 4 CPUs
[    0.015229] SMP: Total of 4 processors activated.
[    0.015243] CPU features: detected: 32-bit EL0 Support
[    0.015252] CPU features: detected: 32-bit EL1 Support
[    0.015264] CPU features: detected: CRC32 instructions
[    0.015399] CPU: All CPU(s) started at EL2
[    0.015421] alternatives: applying system-wide alternatives
[    0.018896] devtmpfs: initialized
[    0.042587] Registered cp15_barrier emulation handler
[    0.042620] Registered setend emulation handler
[    0.043074] clocksource: jiffies: mask: 0xffffffff max_cycles: 0xffffffff, max_idle_ns: 7645041785100000 ns
[    0.043123] futex hash table entries: 1024 (order: 4, 65536 bytes, linear)
[    0.048921] pinctrl core: initialized pinctrl subsystem
[    0.050244] DMI not present or invalid.
[    0.051392] NET: Registered PF_NETLINK/PF_ROUTE protocol family
[    0.054410] DMA: preallocated 2048 KiB GFP_KERNEL pool for atomic allocations
[    0.055878] DMA: preallocated 2048 KiB GFP_KERNEL|GFP_DMA pool for atomic allocations
[    0.057142] DMA: preallocated 2048 KiB GFP_KERNEL|GFP_DMA32 pool for atomic allocations
[    0.057297] audit: initializing netlink subsys (disabled)
[    0.057703] audit: type=2000 audit(0.056:1): state=initialized audit_enabled=0 res=1
[    0.059204] thermal_sys: Registered thermal governor 'fair_share'
[    0.059218] thermal_sys: Registered thermal governor 'bang_bang'
[    0.059227] thermal_sys: Registered thermal governor 'step_wise'
[    0.059235] thermal_sys: Registered thermal governor 'user_space'
[    0.059348] cpuidle: using governor menu
[    0.059945] hw-breakpoint: found 6 breakpoint and 4 watchpoint registers.
[    0.060188] ASID allocator initialised with 65536 entries
[    0.062031] Serial: AMBA PL011 UART driver
[    0.080131] platform ff370000.vop: Fixed dependency cycle(s) with /hdmi@ff3c0000
[    0.107300] rockchip-gpio ff210000.gpio: probed /pinctrl/gpio@ff210000
[    0.108700] rockchip-gpio ff220000.gpio: probed /pinctrl/gpio@ff220000
[    0.109925] rockchip-gpio ff230000.gpio: probed /pinctrl/gpio@ff230000
[    0.111341] rockchip-gpio ff240000.gpio: probed /pinctrl/gpio@ff240000
[    0.141778] HugeTLB: registered 1.00 GiB page size, pre-allocated 0 pages
[    0.141799] HugeTLB: 0 KiB vmemmap can be freed for a 1.00 GiB page
[    0.141814] HugeTLB: registered 32.0 MiB page size, pre-allocated 0 pages
[    0.141823] HugeTLB: 0 KiB vmemmap can be freed for a 32.0 MiB page
[    0.141835] HugeTLB: registered 2.00 MiB page size, pre-allocated 0 pages
[    0.141846] HugeTLB: 0 KiB vmemmap can be freed for a 2.00 MiB page
[    0.141859] HugeTLB: registered 64.0 KiB page size, pre-allocated 0 pages
[    0.141869] HugeTLB: 0 KiB vmemmap can be freed for a 64.0 KiB page
[    0.143796] cryptd: max_cpu_qlen set to 1000
[    0.210766] raid6: neonx8   gen()  1043 MB/s
[    0.278964] raid6: neonx4   gen()  1067 MB/s
[    0.347221] raid6: neonx2   gen()   982 MB/s
[    0.415328] raid6: neonx1   gen()   868 MB/s
[    0.483476] raid6: int64x8  gen()   683 MB/s
[    0.551633] raid6: int64x4  gen()   799 MB/s
[    0.619778] raid6: int64x2  gen()   697 MB/s
[    0.687971] raid6: int64x1  gen()   516 MB/s
[    0.687986] raid6: using algorithm neonx4 gen() 1067 MB/s
[    0.756090] raid6: .... xor() 757 MB/s, rmw enabled
[    0.756104] raid6: using neon recovery algorithm
[    0.762801] iommu: Default domain type: Translated 
[    0.762822] iommu: DMA domain TLB invalidation policy: strict mode 
[    0.763682] SCSI subsystem initialized
[    0.764064] libata version 3.00 loaded.
[    0.764610] usbcore: registered new interface driver usbfs
[    0.764708] usbcore: registered new interface driver hub
[    0.764836] usbcore: registered new device driver usb
[    0.765897] pps_core: LinuxPPS API ver. 1 registered
[    0.765911] pps_core: Software ver. 5.3.6 - Copyright 2005-2007 Rodolfo Giometti <giometti@linux.it>
[    0.765948] PTP clock support registered
[    0.766337] EDAC MC: Ver: 3.0.0
[    0.769225] NetLabel: Initializing
[    0.769243] NetLabel:  domain hash size = 128
[    0.769255] NetLabel:  protocols = UNLABELED CIPSOv4 CALIPSO
[    0.769379] NetLabel:  unlabeled traffic allowed by default
[    0.769692] vgaarb: loaded
[    0.770628] clocksource: Switched to clocksource arch_sys_counter
[    0.771491] VFS: Disk quotas dquot_6.6.0
[    0.771595] VFS: Dquot-cache hash table entries: 512 (order 0, 4096 bytes)
[    0.789597] NET: Registered PF_INET protocol family
[    0.790048] IP idents hash table entries: 65536 (order: 7, 524288 bytes, linear)
[    0.796457] tcp_listen_portaddr_hash hash table entries: 2048 (order: 3, 32768 bytes, linear)
[    0.796656] Table-perturb hash table entries: 65536 (order: 6, 262144 bytes, linear)
[    0.796773] TCP established hash table entries: 32768 (order: 6, 262144 bytes, linear)
[    0.797434] TCP bind hash table entries: 32768 (order: 8, 1048576 bytes, linear)
[    0.798898] TCP: Hash tables configured (established 32768 bind 32768)
[    0.799176] UDP hash table entries: 2048 (order: 4, 65536 bytes, linear)
[    0.799356] UDP-Lite hash table entries: 2048 (order: 4, 65536 bytes, linear)
[    0.799866] NET: Registered PF_UNIX/PF_LOCAL protocol family
[    0.799937] NET: Registered PF_XDP protocol family
[    0.799959] PCI: CLS 0 bytes, default 64
[    0.800851] Trying to unpack rootfs image as initramfs...
[    0.802113] hw perfevents: enabled with armv8_cortex_a53 PMU driver, 7 counters available
[    0.803294] kvm [1]: IPA Size Limit: 40 bits
[    0.805782] kvm [1]: vgic interrupt IRQ9
[    0.806047] kvm [1]: Hyp mode initialized successfully
[    0.810093] Initialise system trusted keyrings
[    0.810201] Key type blacklist registered
[    0.810766] workingset: timestamp_bits=44 max_order=20 bucket_order=0
[    0.824164] zbud: loaded
[    0.827463] squashfs: version 4.0 (2009/01/31) Phillip Lougher
[    0.828984] fuse: init (API version 7.37)
[    0.833552] integrity: Platform Keyring initialized
[    0.906187] xor: measuring software checksum speed
[    0.914103]    8regs           :  1260 MB/sec
[    0.921979]    32regs          :  1261 MB/sec
[    0.931588]    arm64_neon      :  1028 MB/sec
[    0.931609] xor: using function: 32regs (1261 MB/sec)
[    0.931635] Key type asymmetric registered
[    0.931648] Asymmetric key parser 'x509' registered
[    2.951999] Freeing initrd memory: 21664K
[    2.984676] alg: self-tests for CTR-KDF (hmac(sha256)) passed
[    2.984830] Block layer SCSI generic (bsg) driver version 0.4 loaded (major 246)
[    2.985099] io scheduler mq-deadline registered
[    2.985118] io scheduler kyber registered
[    2.985564] io scheduler bfq registered
[    3.004308] dma-pl330 ff1f0000.dma-controller: Loaded driver for PL330 DMAC-241330
[    3.004337] dma-pl330 ff1f0000.dma-controller: 	DBUFF-128x8bytes Num_Chans-8 Num_Peri-20 Num_Events-16
[    3.012941] Serial: 8250/16550 driver, 8 ports, IRQ sharing disabled
[    3.018552] ff110000.serial: ttyS0 at MMIO 0xff110000 (irq = 25, base_baud = 1500000) is a 16550A
[    3.020476] ff130000.serial: ttyS2 at MMIO 0xff130000 (irq = 26, base_baud = 1500000) is a 16550A
[    3.020903] printk: console [ttyS2] enabled
[    3.022926] Serial: AMBA driver
[    3.031169] rockchip-vop ff370000.vop: Adding to iommu group 4
[    3.056351] loop: module loaded
[    3.064924] tun: Universal TUN/TAP device driver, 1.6
[    3.066699] thunder_xcv, ver 1.0
[    3.066800] thunder_bgx, ver 1.0
[    3.066907] nicpf, ver 1.0
[    3.068365] e1000e: Intel(R) PRO/1000 Network Driver
[    3.068379] e1000e: Copyright(c) 1999 - 2015 Intel Corporation.
[    3.068490] igb: Intel(R) Gigabit Ethernet Network Driver
[    3.068501] igb: Copyright (c) 2007-2014 Intel Corporation.
[    3.068574] igbvf: Intel(R) Gigabit Virtual Function Network Driver
[    3.068586] igbvf: Copyright (c) 2009 - 2012 Intel Corporation.
[    3.068951] sky2: driver version 1.30
[    3.069987] VFIO - User Level meta-driver version: 0.3
[    3.073774] dwc2 ff580000.usb: supply vusb_d not found, using dummy regulator
[    3.074114] dwc2 ff580000.usb: supply vusb_a not found, using dummy regulator
[    3.087041] dwc2 ff580000.usb: DWC OTG Controller
[    3.087094] dwc2 ff580000.usb: new USB bus registered, assigned bus number 1
[    3.087158] dwc2 ff580000.usb: irq 34, io mem 0xff580000
[    3.087525] usb usb1: New USB device found, idVendor=1d6b, idProduct=0002, bcdDevice= 6.01
[    3.087551] usb usb1: New USB device strings: Mfr=3, Product=2, SerialNumber=1
[    3.087571] usb usb1: Product: DWC OTG Controller
[    3.087587] usb usb1: Manufacturer: Linux 6.1.29-rockchip64 dwc2_hsotg
[    3.087604] usb usb1: SerialNumber: ff580000.usb
[    3.088696] hub 1-0:1.0: USB hub found
[    3.088773] hub 1-0:1.0: 1 port detected
[    3.093052] xhci-hcd xhci-hcd.0.auto: xHCI Host Controller
[    3.093101] xhci-hcd xhci-hcd.0.auto: new USB bus registered, assigned bus number 2
[    3.093375] xhci-hcd xhci-hcd.0.auto: hcc params 0x0220fe64 hci version 0x110 quirks 0x0000000002010010
[    3.093487] xhci-hcd xhci-hcd.0.auto: irq 33, io mem 0xff600000
[    3.093979] xhci-hcd xhci-hcd.0.auto: xHCI Host Controller
[    3.094007] xhci-hcd xhci-hcd.0.auto: new USB bus registered, assigned bus number 3
[    3.094036] xhci-hcd xhci-hcd.0.auto: Host supports USB 3.0 SuperSpeed
[    3.094054] ehci-platform ff5c0000.usb: EHCI Host Controller
[    3.094091] ohci-platform ff5d0000.usb: Generic Platform OHCI controller
[    3.094393] usb usb2: New USB device found, idVendor=1d6b, idProduct=0002, bcdDevice= 6.01
[    3.094419] usb usb2: New USB device strings: Mfr=3, Product=2, SerialNumber=1
[    3.094437] usb usb2: Product: xHCI Host Controller
[    3.094454] usb usb2: Manufacturer: Linux 6.1.29-rockchip64 xhci-hcd
[    3.094470] usb usb2: SerialNumber: xhci-hcd.0.auto
[    3.095735] hub 2-0:1.0: USB hub found
[    3.095810] hub 2-0:1.0: 1 port detected
[    3.096589] usb usb3: We don't know the algorithms for LPM for this host, disabling LPM.
[    3.096876] usb usb3: New USB device found, idVendor=1d6b, idProduct=0003, bcdDevice= 6.01
[    3.096903] usb usb3: New USB device strings: Mfr=3, Product=2, SerialNumber=1
[    3.096922] usb usb3: Product: xHCI Host Controller
[    3.096939] usb usb3: Manufacturer: Linux 6.1.29-rockchip64 xhci-hcd
[    3.096956] usb usb3: SerialNumber: xhci-hcd.0.auto
[    3.097971] hub 3-0:1.0: USB hub found
[    3.098040] hub 3-0:1.0: 1 port detected
[    3.098812] ehci-platform ff5c0000.usb: new USB bus registered, assigned bus number 4
[    3.098835] ohci-platform ff5d0000.usb: new USB bus registered, assigned bus number 5
[    3.099025] usbcore: registered new interface driver usb-storage
[    3.099060] ehci-platform ff5c0000.usb: irq 35, io mem 0xff5c0000
[    3.099099] ohci-platform ff5d0000.usb: irq 36, io mem 0xff5d0000
[    3.102349] mousedev: PS/2 mouse device common for all mice
[    3.104040] i2c_dev: i2c /dev entries driver
[    3.108741] dw_wdt ff1a0000.watchdog: No valid TOPs array specified
[    3.112482] sdhci: Secure Digital Host Controller Interface driver
[    3.112504] sdhci: Copyright(c) Pierre Ossman
[    3.112571] Synopsys Designware Multimedia Card Interface Driver
[    3.114036] sdhci-pltfm: SDHCI platform and OF driver helper
[    3.114701] ehci-platform ff5c0000.usb: USB 2.0 started, EHCI 1.00
[    3.114913] dwmmc_rockchip ff500000.mmc: IDMAC supports 32-bit address mode.
[    3.114968] dwmmc_rockchip ff500000.mmc: Using internal DMA controller.
[    3.114987] dwmmc_rockchip ff500000.mmc: Version ID is 270a
[    3.115093] dwmmc_rockchip ff500000.mmc: DW MMC controller at irq 39,32 bit host data width,256 deep fifo
[    3.115237] usb usb4: New USB device found, idVendor=1d6b, idProduct=0002, bcdDevice= 6.01
[    3.115262] usb usb4: New USB device strings: Mfr=3, Product=2, SerialNumber=1
[    3.115280] usb usb4: Product: EHCI Host Controller
[    3.115293] usb usb4: Manufacturer: Linux 6.1.29-rockchip64 ehci_hcd
[    3.115307] usb usb4: SerialNumber: ff5c0000.usb
[    3.115385] dwmmc_rockchip ff510000.mmc: IDMAC supports 32-bit address mode.
[    3.115429] dwmmc_rockchip ff510000.mmc: Using internal DMA controller.
[    3.115448] dwmmc_rockchip ff510000.mmc: Version ID is 270a
[    3.115543] dwmmc_rockchip ff510000.mmc: DW MMC controller at irq 40,32 bit host data width,256 deep fifo
[    3.115690] dwmmc_rockchip ff500000.mmc: Got CD GPIO
[    3.115986] dwmmc_rockchip ff510000.mmc: allocated mmc-pwrseq
[    3.116009] mmc_host mmc1: card is non-removable.
[    3.116456] hub 4-0:1.0: USB hub found
[    3.116574] hub 4-0:1.0: 1 port detected
[    3.117499] dwmmc_rockchip ff520000.mmc: IDMAC supports 32-bit address mode.
[    3.117558] dwmmc_rockchip ff520000.mmc: Using internal DMA controller.
[    3.117578] dwmmc_rockchip ff520000.mmc: Version ID is 270a
[    3.117673] dwmmc_rockchip ff520000.mmc: DW MMC controller at irq 41,32 bit host data width,256 deep fifo
[    3.117942] dwmmc_rockchip ff5f0000.dwmmc: IDMAC supports 32-bit address mode.
[    3.118005] dwmmc_rockchip ff5f0000.dwmmc: Using internal DMA controller.
[    3.118025] dwmmc_rockchip ff5f0000.dwmmc: Version ID is 270a
[    3.118120] dwmmc_rockchip ff5f0000.dwmmc: DW MMC controller at irq 42,32 bit host data width,256 deep fifo
[    3.118711] dwmmc_rockchip ff5f0000.dwmmc: Got CD GPIO
[    3.118794] mmc_host mmc2: card is non-removable.
[    3.119202] ledtrig-cpu: registered to indicate activity on CPUs
[    3.120147] SMCCC: SOC_ID: ARCH_SOC_ID not implemented, skipping ....
[    3.120568] hid: raw HID events driver (C) Jiri Kosina
[    3.120791] usbcore: registered new interface driver usbhid
[    3.120804] usbhid: USB HID core driver
[    3.126738] mmc_host mmc0: Bus speed (slot 0) = 400000Hz (slot req 400000Hz, actual 400000HZ div = 0)
[    3.128882] mmc_host mmc1: Bus speed (slot 0) = 400000Hz (slot req 400000Hz, actual 400000HZ div = 0)
[    3.129214] drop_monitor: Initializing network drop monitor service
[    3.130587] NET: Registered PF_INET6 protocol family
[    3.130761] mmc_host mmc2: Bus speed (slot 0) = 400000Hz (slot req 400000Hz, actual 400000HZ div = 0)
[    3.131738] mmc_host mmc3: Bus speed (slot 0) = 400000Hz (slot req 400000Hz, actual 400000HZ div = 0)
[    3.165091] Segment Routing with IPv6
[    3.165201] In-situ OAM (IOAM) with IPv6
[    3.165389] NET: Registered PF_PACKET protocol family
[    3.165646] 8021q: 802.1Q VLAN Support v1.8
[    3.165750] Key type dns_resolver registered
[    3.167016] usb usb5: New USB device found, idVendor=1d6b, idProduct=0001, bcdDevice= 6.01
[    3.167052] usb usb5: New USB device strings: Mfr=3, Product=2, SerialNumber=1
[    3.167069] usb usb5: Product: Generic Platform OHCI controller
[    3.167087] usb usb5: Manufacturer: Linux 6.1.29-rockchip64 ohci_hcd
[    3.167103] usb usb5: SerialNumber: ff5d0000.usb
[    3.167920] registered taskstats version 1
[    3.167982] Loading compiled-in X.509 certificates
[    3.168274] hub 5-0:1.0: USB hub found
[    3.168356] hub 5-0:1.0: 1 port detected
[    3.172057] mmc_host mmc0: Bus speed (slot 0) = 50000000Hz (slot req 50000000Hz, actual 50000000HZ div = 0)
[    3.172144] zswap: loaded using pool zstd/z3fold
[    3.172235] mmc0: new high speed SDHC card at address 0001
[    3.173325] Key type .fscrypt registered
[    3.173390] Key type fscrypt-provisioning registered
[    3.173918] mmcblk0: mmc0:0001 ASTC 29.1 GiB 
[    3.177631] Btrfs loaded, crc32c=crc32c-generic, zoned=yes, fsverity=yes
[    3.178351] Key type encrypted registered
[    3.179646]  mmcblk0: p1
[    3.255373] mmc_host mmc1: Bus speed (slot 0) = 50000000Hz (slot req 50000000Hz, actual 50000000HZ div = 0)
[    3.259517] mmc1: new high speed SDIO card at address 0001
[    3.274139] rockchip-drm display-subsystem: bound ff370000.vop (ops vop_component_ops)
[    3.274315] dwhdmi-rockchip ff3c0000.hdmi: supply avdd-0v9 not found, using dummy regulator
[    3.274710] dwhdmi-rockchip ff3c0000.hdmi: supply avdd-1v8 not found, using dummy regulator
[    3.275276] dwhdmi-rockchip ff3c0000.hdmi: Detected HDMI TX controller v2.11a with HDCP (inno_dw_hdmi_phy2)
[    3.276578] dwhdmi-rockchip ff3c0000.hdmi: registered DesignWare HDMI I2C bus driver
[    3.277725] rockchip-drm display-subsystem: bound ff3c0000.hdmi (ops dw_hdmi_rockchip_ops)
[    3.279325] [drm] Initialized rockchip 1.0.0 20140818 for display-subsystem on minor 0
[    3.279640] mmc_host mmc2: Bus speed (slot 0) = 50000000Hz (slot req 52000000Hz, actual 50000000HZ div = 0)
[    3.281033] mmc2: new high speed MMC card at address 0001
[    3.282680] mmcblk2: mmc2:0001 HBG4a2 29.1 GiB 
[    3.287771] mmcblk2boot0: mmc2:0001 HBG4a2 4.00 MiB 
[    3.292156] mmcblk2boot1: mmc2:0001 HBG4a2 4.00 MiB 
[    3.295827] mmcblk2rpmb: mmc2:0001 HBG4a2 4.00 MiB, chardev (242:0)
[    3.386657] usb 1-1: new low-speed USB device number 2 using dwc2
[    3.589049] Console: switching to colour frame buffer device 240x67
[    3.614147] usb 1-1: New USB device found, idVendor=04f2, idProduct=0402, bcdDevice= 1.44
[    3.614176] usb 1-1: New USB device strings: Mfr=1, Product=2, SerialNumber=0
[    3.614190] usb 1-1: Product: USB Keyboard
[    3.614200] usb 1-1: Manufacturer: Chicony
[    3.626601] input: Chicony USB Keyboard as /devices/platform/ff580000.usb/usb1/1-1/1-1:1.0/0003:04F2:0402.0001/input/input0
[    3.640664] rockchip-drm display-subsystem: [drm] fb0: rockchipdrmfb frame buffer device
[    3.642043] WCN: marlin_init entry!
[    3.643065] of_cfs_init
[    3.643145] of_cfs_init: OK
[    3.646593] Freeing unused kernel memory: 3968K
[    3.666814] Run /init as init process
[    3.666837]   with arguments:
[    3.666850]     /init
[    3.666859]   with environment:
[    3.666869]     HOME=/
[    3.666878]     TERM=linux
[    3.666888]     splash=verbose
[    3.666898]     ubootpart=b36b5f3d-01
[    3.666907]     cgroup_enable=memory
[    3.666918]     cgroup_memory=1
[    3.687691] hid-generic 0003:04F2:0402.0001: input,hidraw0: USB HID v1.11 Keyboard [Chicony USB Keyboard] on usb-ff580000.usb-1/input0
[    3.707351] input: Chicony USB Keyboard System Control as /devices/platform/ff580000.usb/usb1/1-1/1-1:1.1/0003:04F2:0402.0002/input/input1
[    3.767274] input: Chicony USB Keyboard Consumer Control as /devices/platform/ff580000.usb/usb1/1-1/1-1:1.1/0003:04F2:0402.0002/input/input2
[    3.768205] hid-generic 0003:04F2:0402.0002: input,hiddev96,hidraw1: USB HID v1.11 Device [Chicony USB Keyboard] on usb-ff580000.usb-1/input1
[    4.496327] input: adc-keys as /devices/platform/adc-keys/input/input4
[    4.521961] gpio-syscon ff100000.syscon:gpio: can't read the data register offset!
[    4.599398] lima ff300000.gpu: gp - mali450 version major 0 minor 0
[    4.599604] lima ff300000.gpu: pp0 - mali450 version major 0 minor 0
[    4.599776] lima ff300000.gpu: pp1 - mali450 version major 0 minor 0
[    4.599874] lima ff300000.gpu: l2 cache 8K, 4-way, 64byte cache line, 128bit external bus
[    4.599898] lima ff300000.gpu: l2 cache 64K, 4-way, 64byte cache line, 128bit external bus
[    4.601577] lima ff300000.gpu: bus rate = 491520000
[    4.601610] lima ff300000.gpu: mod rate = 491520000
[    4.609928] [drm] Initialized lima 1.1.0 20191231 for ff300000.gpu on minor 1
[    4.643637] rk_gmac-dwmac ff550000.ethernet: IRQ eth_wake_irq not found
[    4.643669] rk_gmac-dwmac ff550000.ethernet: IRQ eth_lpi not found
[    4.644428] rk_gmac-dwmac ff550000.ethernet: PTP uses main clock
[    4.645384] rk_gmac-dwmac ff550000.ethernet: clock input or output? (output).
[    4.645417] rk_gmac-dwmac ff550000.ethernet: TX delay(0x30).
[    4.645436] rk_gmac-dwmac ff550000.ethernet: RX delay(0x10).
[    4.646182] rk_gmac-dwmac ff550000.ethernet: integrated PHY? (yes).
[    4.651403] rk_gmac-dwmac ff550000.ethernet: init for RMII
[    4.686099] BTRFS: device label waydroid devid 1 transid 9 /dev/mmcblk2 scanned by systemd-udevd (249)
[    4.698928] rk_gmac-dwmac ff550000.ethernet: User ID: 0x10, Synopsys ID: 0x35
[    4.698975] rk_gmac-dwmac ff550000.ethernet: 	DWMAC1000
[    4.698991] rk_gmac-dwmac ff550000.ethernet: DMA HW capability register supported
[    4.699004] rk_gmac-dwmac ff550000.ethernet: RX Checksum Offload Engine supported
[    4.699016] rk_gmac-dwmac ff550000.ethernet: COE Type 2
[    4.699029] rk_gmac-dwmac ff550000.ethernet: TX Checksum insertion supported
[    4.699041] rk_gmac-dwmac ff550000.ethernet: Wake-Up On Lan supported
[    4.699255] rk_gmac-dwmac ff550000.ethernet: Normal descriptors
[    4.699278] rk_gmac-dwmac ff550000.ethernet: Ring mode enabled
[    4.699291] rk_gmac-dwmac ff550000.ethernet: Enable RX Mitigation via HW Watchdog Timer
[    5.529739] dw-apb-uart ff130000.serial: forbid DMA for kernel console
[    6.013811] EXT4-fs (mmcblk0p1): mounted filesystem with writeback data mode. Quota mode: none.
[    7.061735] systemd[1]: System time before build time, advancing clock.
[    7.090551] systemd[1]: Inserted module 'autofs4'
[    7.177999] systemd[1]: systemd 249.11-0ubuntu3.9 running in system mode (+PAM +AUDIT +SELINUX +APPARMOR +IMA +SMACK +SECCOMP +GCRYPT +GNUTLS +OPENSSL +ACL +BLKID +CURL +ELFUTILS +FIDO2 +IDN2 -IDN +IPTC +KMOD +LIBCRYPTSETUP +LIBFDISK +PCRE2 -PWQUALITY -P11KIT -QRENCODE +BZIP2 +LZ4 +XZ +ZLIB +ZSTD -XKBCOMMON +UTMP +SYSVINIT default-hierarchy=unified)
[    7.179478] systemd[1]: Detected architecture arm64.
[    7.189677] systemd[1]: Hostname set to <rk3318-box>.
[    8.495159] systemd[1]: Queued start job for default target Graphical Interface.
[   10.006652] random: crng init done
[   10.086390] systemd[1]: Created slice Slice /system/modprobe.
[   10.092140] systemd[1]: Created slice Slice /system/serial-getty.
[   10.096079] systemd[1]: Created slice User and Session Slice.
[   10.097103] systemd[1]: Started Forward Password Requests to Wall Directory Watch.
[   10.099021] systemd[1]: Set up automount Arbitrary Executable File Formats File System Automount Point.
[   10.099952] systemd[1]: Reached target User and Group Name Lookups.
[   10.100490] systemd[1]: Reached target Slice Units.
[   10.100894] systemd[1]: Reached target Swaps.
[   10.101360] systemd[1]: Reached target System Time Set.
[   10.102061] systemd[1]: Reached target Local Verity Protected Volumes.
[   10.138384] systemd[1]: Listening on RPCbind Server Activation Socket.
[   10.140081] systemd[1]: Listening on Syslog Socket.
[   10.141521] systemd[1]: Listening on fsck to fsckd communication Socket.
[   10.142410] systemd[1]: Listening on initctl Compatibility Named Pipe.
[   10.144648] systemd[1]: Listening on Journal Audit Socket.
[   10.146043] systemd[1]: Listening on Journal Socket (/dev/log).
[   10.147816] systemd[1]: Listening on Journal Socket.
[   10.153102] systemd[1]: Listening on udev Control Socket.
[   10.154457] systemd[1]: Listening on udev Kernel Socket.
[   10.187389] systemd[1]: Mounting Huge Pages File System...
[   10.197228] systemd[1]: Mounting POSIX Message Queue File System...
[   10.208231] systemd[1]: Mounting Kernel Debug File System...
[   10.218477] systemd[1]: Mounting Kernel Trace File System...
[   10.220408] systemd[1]: Condition check resulted in Kernel Module supporting RPCSEC_GSS being skipped.
[   10.232473] systemd[1]: Starting Restore / save the current clock...
[   10.244872] systemd[1]: Starting Set the console keyboard layout...
[   10.256648] systemd[1]: Starting Create List of Static Device Nodes...
[   10.268198] systemd[1]: Starting Load Kernel Module chromeos_pstore...
[   10.280932] systemd[1]: Starting Load Kernel Module configfs...
[   10.297038] systemd[1]: Starting Load Kernel Module drm...
[   10.310255] systemd[1]: Starting Load Kernel Module efi_pstore...
[   10.321980] systemd[1]: Starting Load Kernel Module fuse...
[   10.334333] systemd[1]: Starting Load Kernel Module pstore_blk...
[   10.346239] systemd[1]: Starting Load Kernel Module pstore_zone...
[   10.358392] systemd[1]: Starting Load Kernel Module ramoops...
[   10.360520] systemd[1]: Condition check resulted in File System Check on Root Device being skipped.
[   10.380465] systemd[1]: Starting Load Kernel Modules...
[   10.392913] systemd[1]: Starting Remount Root and Kernel File Systems...
[   10.407867] systemd[1]: Starting Coldplug All udev Devices...
[   10.433833] systemd[1]: Mounted Huge Pages File System.
[   10.436139] systemd[1]: Mounted POSIX Message Queue File System.
[   10.439212] systemd[1]: Mounted Kernel Debug File System.
[   10.441496] systemd[1]: Mounted Kernel Trace File System.
[   10.447939] systemd[1]: Finished Restore / save the current clock.
[   10.455099] systemd[1]: Finished Create List of Static Device Nodes.
[   10.460657] systemd[1]: modprobe@chromeos_pstore.service: Deactivated successfully.
[   10.463194] EXT4-fs (mmcblk0p1): re-mounted. Quota mode: none.
[   10.464977] systemd[1]: Finished Load Kernel Module chromeos_pstore.
[   10.509450] systemd[1]: modprobe@configfs.service: Deactivated successfully.
[   10.512726] systemd[1]: Finished Load Kernel Module configfs.
[   10.516115] systemd[1]: modprobe@drm.service: Deactivated successfully.
[   10.519458] systemd[1]: Finished Load Kernel Module drm.
[   10.522893] systemd[1]: modprobe@efi_pstore.service: Deactivated successfully.
[   10.526933] systemd[1]: Finished Load Kernel Module efi_pstore.
[   10.533523] systemd[1]: modprobe@fuse.service: Deactivated successfully.
[   10.537015] systemd[1]: Finished Load Kernel Module fuse.
[   10.541010] systemd[1]: modprobe@pstore_blk.service: Deactivated successfully.
[   10.547924] systemd[1]: Finished Load Kernel Module pstore_blk.
[   10.554072] systemd[1]: modprobe@pstore_zone.service: Deactivated successfully.
[   10.557429] systemd[1]: Finished Load Kernel Module pstore_zone.
[   10.568203] systemd[1]: modprobe@ramoops.service: Deactivated successfully.
[   10.572376] systemd[1]: Finished Load Kernel Module ramoops.
[   10.584639] systemd[1]: Finished Load Kernel Modules.
[   10.591574] systemd[1]: Finished Remount Root and Kernel File Systems.
[   10.675434] systemd[1]: Mounting FUSE Control File System...
[   10.687723] systemd[1]: Mounting Kernel Configuration File System...
[   10.691692] systemd[1]: Condition check resulted in Platform Persistent Storage Archival being skipped.
[   10.702537] systemd[1]: Starting Load/Save Random Seed...
[   10.723122] systemd[1]: Starting Apply Kernel Variables...
[   10.739545] systemd[1]: Starting Create System Users...
[   10.755344] systemd[1]: Mounted FUSE Control File System.
[   10.757931] systemd[1]: Mounted Kernel Configuration File System.
[   10.840696] systemd[1]: Finished Load/Save Random Seed.
[   10.842869] systemd[1]: Condition check resulted in First Boot Complete being skipped.
[   10.870195] systemd[1]: Finished Set the console keyboard layout.
[   10.918476] systemd[1]: Finished Apply Kernel Variables.
[   10.925760] systemd[1]: Finished Create System Users.
[   10.971873] systemd[1]: Starting Create Static Device Nodes in /dev...
[   11.066416] systemd[1]: Finished Create Static Device Nodes in /dev.
[   11.068033] systemd[1]: Reached target Preparation for Local File Systems.
[   11.115659] systemd[1]: Mounting /tmp...
[   11.134315] systemd[1]: Starting Rule-based Manager for Device Events and Files...
[   11.142429] systemd[1]: Mounted /tmp.
[   11.144020] systemd[1]: Reached target Local File Systems.
[   11.161816] systemd[1]: Starting Armbian leds state...
[   11.183223] systemd[1]: Starting Armbian ZRAM config...
[   11.202385] systemd[1]: Starting Set console font and keymap...
[   11.216432] systemd[1]: Starting Tell Plymouth To Write Out Runtime Data...
[   11.217171] systemd[1]: Condition check resulted in RPC security service for NFS server being skipped.
[   11.223375] systemd[1]: Condition check resulted in Set Up Additional Binary Formats being skipped.
[   11.224014] systemd[1]: Condition check resulted in Store a System Token in an EFI Variable being skipped.
[   11.224681] systemd[1]: Condition check resulted in Commit a transient machine-id on disk being skipped.
[   11.283892] systemd[1]: Finished Set console font and keymap.
[   11.291025] systemd[1]: Received SIGRTMIN+20 from PID 291 (plymouthd).
[   11.328477] systemd[1]: Finished Tell Plymouth To Write Out Runtime Data.
[   11.469363] systemd[1]: Finished Armbian leds state.
[   11.561199] systemd[1]: Finished Coldplug All udev Devices.
[   11.612122] systemd[1]: Starting Helper to synchronize boot up for ifupdown...
[   11.646586] systemd[1]: Finished Helper to synchronize boot up for ifupdown.
[   11.660985] systemd[1]: Starting Raise network interfaces...
[   11.684230] systemd[1]: Started Rule-based Manager for Device Events and Files.
[   11.732853] systemd[1]: Starting Show Plymouth Boot Screen...
[   11.838343] zram: Added device: zram0
[   11.839916] zram: Added device: zram1
[   11.843892] zram: Added device: zram2
[   11.895933] systemd[1]: Started Show Plymouth Boot Screen.
[   11.914103] systemd[1]: Condition check resulted in Dispatch Password Requests to Console Directory Watch being skipped.
[   11.927023] systemd[1]: Started Forward Password Requests to Plymouth Directory Watch.
[   11.930718] systemd[1]: Reached target Local Encrypted Volumes.
[   12.097337] zram0: detected capacity change from 0 to 4069848
[   12.159971] Adding 2034920k swap on /dev/zram0.  Priority:5 extents:1 across:2034920k SSFS
[   12.543246] zram1: detected capacity change from 0 to 102400
[   12.660476] systemd[1]: Finished Armbian ZRAM config.
[   12.719983] systemd[1]: Starting Armbian memory supported logging...
[   12.729515] systemd[1]: Finished Raise network interfaces.
[   12.891991] EXT4-fs (zram1): mounted filesystem without journal. Quota mode: none.
[   12.992706] systemd[1]: Found device /dev/ttyS2.
[   13.054464] mc: Linux media interface: v0.10
[   13.114217] videodev: Linux video capture interface: v2.00
[   13.131538] rk3328-codec ff410000.codec: spk_depop_time use default value.
[   13.496002] Registered IR keymap rc-empty
[   13.496238] rc rc0: gpio_ir_recv as /devices/platform/ir-receiver/rc/rc0
[   13.496633] rc rc0: lirc_dev: driver gpio_ir_recv registered at minor = 0, raw IR receiver, no transmitter
[   13.497917] input: gpio_ir_recv as /devices/platform/ir-receiver/rc/rc0/input5
[   13.513269] rockchip-rga ff390000.rga: HW Version: 0x04.00
[   13.524235] rockchip-rga ff390000.rga: Registered rockchip-rga as /dev/video0
[   13.708397] rockchip_vdec: module is from the staging directory, the quality is unknown, you have been warned.
[   13.755024] rkvdec ff360000.video-codec: Adding to iommu group 3
[   13.755743] cfg80211: Loading compiled-in X.509 certificates for regulatory database
[   13.764976] cfg80211: Loaded X.509 cert 'sforshee: 00b28ddf47aef9cea7'
[   13.786671] hantro-vpu ff350000.video-codec: Adding to iommu group 2
[   13.795334] hantro-vpu ff350000.video-codec: registered rockchip,rk3328-vpu-dec as /dev/video2
[   13.945977] brcmfmac: F1 signature read @0x18000000=0x16034334
[   13.974928] brcmfmac: brcmf_fw_alloc_request: using brcm/brcmfmac4334-sdio for chip BCM4334/3
[   13.979170] usbcore: registered new interface driver brcmfmac
[   13.983908] brcmfmac mmc1:0001:1: Direct firmware load for brcm/brcmfmac4334-sdio.rockchip,rk3318-box.bin failed with error -2
[   14.020181] brcmfmac mmc1:0001:1: Direct firmware load for brcm/brcmfmac4334-sdio.clm_blob failed with error -2
[   14.240698] brcmfmac: brcmf_c_process_clm_blob: no clm_blob available (err=-2), device may have limited channels available
[   14.241483] brcmfmac: brcmf_c_preinit_dcmds: Firmware: BCM4334/3 wl0: Jul 24 2019 12:58:36 version 6.10.191 (TOB) (r) FWID 01-b049404e
[   14.296548] systemd[1]: Listening on Load/Save RF Kill Switch Status /dev/rfkill Watch.
[   14.407761] systemd[1]: Starting Load/Save RF Kill Switch Status...
[   14.459248] systemd[1]: Started Load/Save RF Kill Switch Status.
[   14.694740] systemd[1]: Condition check resulted in Dispatch Password Requests to Console Directory Watch being skipped.
[   14.763520] systemd[1]: Starting Load Kernel Module chromeos_pstore...
[   14.772670] systemd[1]: Starting Load Kernel Module efi_pstore...
[   14.791840] systemd[1]: Starting Load Kernel Module pstore_blk...
[   14.801553] systemd[1]: Starting Load Kernel Module pstore_zone...
[   14.815644] systemd[1]: Starting Load Kernel Module ramoops...
[   14.816773] systemd[1]: Condition check resulted in Set Up Additional Binary Formats being skipped.
[   14.817113] systemd[1]: Condition check resulted in Store a System Token in an EFI Variable being skipped.
[   14.817456] systemd[1]: Condition check resulted in Commit a transient machine-id on disk being skipped.
[   14.823944] systemd[1]: modprobe@chromeos_pstore.service: Deactivated successfully.
[   14.828046] systemd[1]: Finished Load Kernel Module chromeos_pstore.
[   14.832951] systemd[1]: modprobe@efi_pstore.service: Deactivated successfully.
[   14.835928] systemd[1]: Finished Load Kernel Module efi_pstore.
[   14.839245] systemd[1]: modprobe@pstore_blk.service: Deactivated successfully.
[   14.842822] systemd[1]: Finished Load Kernel Module pstore_blk.
[   14.848614] systemd[1]: modprobe@pstore_zone.service: Deactivated successfully.
[   14.851359] systemd[1]: Finished Load Kernel Module pstore_zone.
[   14.853723] systemd[1]: modprobe@ramoops.service: Deactivated successfully.
[   14.856165] systemd[1]: Finished Load Kernel Module ramoops.
[   14.858295] systemd[1]: Condition check resulted in Platform Persistent Storage Archival being skipped.
[   15.377540] systemd[1]: Condition check resulted in Dispatch Password Requests to Console Directory Watch being skipped.
[   15.423445] systemd[1]: Starting Load Kernel Module chromeos_pstore...
[   15.432179] systemd[1]: Starting Load Kernel Module efi_pstore...
[   15.445372] systemd[1]: Starting Load Kernel Module pstore_blk...
[   15.461977] systemd[1]: Starting Load Kernel Module pstore_zone...
[   15.470889] systemd[1]: Starting Load Kernel Module ramoops...
[   15.472649] systemd[1]: Condition check resulted in Set Up Additional Binary Formats being skipped.
[   15.473142] systemd[1]: Condition check resulted in Store a System Token in an EFI Variable being skipped.
[   15.473612] systemd[1]: Condition check resulted in Commit a transient machine-id on disk being skipped.
[   15.477937] systemd[1]: modprobe@chromeos_pstore.service: Deactivated successfully.
[   15.484889] systemd[1]: Finished Load Kernel Module chromeos_pstore.
[   15.488722] systemd[1]: modprobe@efi_pstore.service: Deactivated successfully.
[   15.492388] systemd[1]: Finished Load Kernel Module efi_pstore.
[   15.502907] systemd[1]: modprobe@pstore_blk.service: Deactivated successfully.
[   15.506475] systemd[1]: Finished Load Kernel Module pstore_blk.
[   15.509069] systemd[1]: modprobe@pstore_zone.service: Deactivated successfully.
[   15.512167] systemd[1]: Finished Load Kernel Module pstore_zone.
[   15.516214] systemd[1]: modprobe@ramoops.service: Deactivated successfully.
[   15.519031] systemd[1]: Finished Load Kernel Module ramoops.
[   15.520592] systemd[1]: Condition check resulted in Platform Persistent Storage Archival being skipped.
[   17.659139] systemd[1]: Finished Armbian memory supported logging.
[   17.719896] systemd[1]: Starting Journal Service...
[   18.002685] systemd[1]: Started Journal Service.
[   18.095351] systemd-journald[731]: Received client request to flush runtime journal.
[   18.381666] RPC: Registered named UNIX socket transport module.
[   18.381690] RPC: Registered udp transport module.
[   18.381696] RPC: Registered tcp transport module.
[   18.381701] RPC: Registered tcp NFSv4.1 backchannel transport module.
[   21.337622] bridge: filtering via arp/ip/ip6tables is no longer available by default. Update your scripts to load br_netfilter if you need this.
[   23.708688] rk_gmac-dwmac ff550000.ethernet eth0: Register MEM_TYPE_PAGE_POOL RxQ-0
[   23.772855] rk_gmac-dwmac ff550000.ethernet eth0: PHY [stmmac-1:00] driver [Rockchip integrated EPHY] (irq=POLL)
[   23.782808] rk_gmac-dwmac ff550000.ethernet eth0: No Safety Features support found
[   23.782867] rk_gmac-dwmac ff550000.ethernet eth0: PTP not supported by HW
[   23.783787] rk_gmac-dwmac ff550000.ethernet eth0: configuring for phy/rmii link mode
[   25.827194] rk_gmac-dwmac ff550000.ethernet eth0: Link is Up - 100Mbps/Full - flow control off
[   25.827259] IPv6: ADDRCONF(NETDEV_CHANGE): eth0: link becomes ready
[   34.521241] hdmi-audio-codec hdmi-audio-codec.3.auto: Only one simultaneous stream supported!
[   34.521275] hdmi-audio-codec hdmi-audio-codec.3.auto: ASoC: error at snd_soc_dai_startup on i2s-hifi: -22
[   34.521297]  ff000000.i2s-i2s-hifi: ASoC: error at __soc_pcm_open on ff000000.i2s-i2s-hifi: -22
[   72.602296] usb 2-1: new low-speed USB device number 2 using xhci-hcd
[   72.755252] usb 2-1: New USB device found, idVendor=046d, idProduct=c00c, bcdDevice=21.10
[   72.755282] usb 2-1: New USB device strings: Mfr=1, Product=2, SerialNumber=0
[   72.755297] usb 2-1: Product: USB Optical Mouse
[   72.755306] usb 2-1: Manufacturer: Logitech
[   72.772825] input: Logitech USB Optical Mouse as /devices/platform/ff600000.usb/xhci-hcd.0.auto/usb2/2-1/2-1:1.0/0003:046D:C00C.0003/input/input6
[   72.773675] hid-generic 0003:046D:C00C.0003: input,hidraw2: USB HID v1.10 Mouse [Logitech USB Optical Mouse] on usb-xhci-hcd.0.auto-1/input0
[   90.008326] hdmi-audio-codec hdmi-audio-codec.3.auto: Only one simultaneous stream supported!
[   90.008354] hdmi-audio-codec hdmi-audio-codec.3.auto: ASoC: error at snd_soc_dai_startup on i2s-hifi: -22
[   90.008378]  ff000000.i2s-i2s-hifi: ASoC: error at __soc_pcm_open on ff000000.i2s-i2s-hifi: -22
[  105.944548] rfkill: input handler disabled
[  198.122664] loop0: detected capacity change from 0 to 3395176
[  198.214968] EXT4-fs (loop0): mounted filesystem without journal. Quota mode: none.
[  198.299829] loop1: detected capacity change from 0 to 593384
[  198.394952] EXT4-fs (loop1): mounted filesystem without journal. Quota mode: none.
[  198.677601] waydroid0: port 1(vethk5UrFn) entered blocking state
[  198.677674] waydroid0: port 1(vethk5UrFn) entered disabled state
[  198.682403] device vethk5UrFn entered promiscuous mode
[  198.683484] waydroid0: port 1(vethk5UrFn) entered blocking state
[  198.683519] waydroid0: port 1(vethk5UrFn) entered forwarding state
[  198.684148] waydroid0: port 1(vethk5UrFn) entered disabled state
[  198.686525] eth0: renamed from veth9Of2az
[  198.732310] IPv6: ADDRCONF(NETDEV_CHANGE): eth0: link becomes ready
[  198.732545] IPv6: ADDRCONF(NETDEV_CHANGE): vethk5UrFn: link becomes ready
[  198.732998] waydroid0: port 1(vethk5UrFn) entered blocking state
[  198.733027] waydroid0: port 1(vethk5UrFn) entered forwarding state
[  198.733395] IPv6: ADDRCONF(NETDEV_CHANGE): waydroid0: link becomes ready
[  199.509039] init: init first stage started!
[  199.509345] init: Unable to open /lib/modules, skipping module loading.
[  199.509473] init: Skipped setting INIT_AVB_VERSION (not in recovery mode)
[  199.584048] init: init second stage started!
[  199.676679] init: Using Android DT directory /proc/device-tree/firmware/android/
[  199.680096] init: Couldn't load property file '/vendor_extra/build.prop': open() failed: No such file or directory: No such file or directory
[  199.688559] init: Couldn't load property file '/factory/factory.prop': open() failed: No such file or directory: No such file or directory
[  199.692018] init: Setting product property ro.product.brand to 'waydroid' (from ro.product.product.brand)
[  199.692308] init: Setting product property ro.product.device to 'waydroid_arm64' (from ro.product.product.device)
[  199.692607] init: Setting product property ro.product.manufacturer to 'Waydroid' (from ro.product.product.manufacturer)
[  199.692965] init: Setting product property ro.product.model to 'Rockchip RK3318 BOX' (from ro.product.waydroid.model)
[  199.693173] init: Setting product property ro.product.name to 'lineage_waydroid_arm64' (from ro.product.product.name)
[  199.693378] init: Setting property 'ro.build.fingerprint' to 'waydroid/lineage_waydroid_arm64/waydroid_arm64:11/RQ3A.211001.001/32:userdebug/test-keys'
[  199.706276] selinux: SELinux: Loaded file_contexts
[  199.706305] selinux: 
[  199.706406] init: Running restorecon...
[  199.707512] init: Created socket '/dev/socket/property_service', mode 666, user 0, group 0
[  199.723141] init: Activated APEX 'com.android.adbd' in /system/apex/com.android.adbd to /apex/com.android.adbd, version 300000000 
[  199.726934] init: Activated APEX 'com.android.art' in /system/apex/com.android.art.release to /apex/com.android.art, version 1 
[  199.729928] init: Activated APEX 'com.android.conscrypt' in /system/apex/com.android.conscrypt to /apex/com.android.conscrypt, version 300000000 
[  199.732669] init: Activated APEX 'com.android.extservices' in /system/apex/com.android.extservices to /apex/com.android.extservices, version 300000000 
[  199.735271] init: Activated APEX 'com.android.i18n' in /system/apex/com.android.i18n to /apex/com.android.i18n, version 1 
[  199.738294] init: Activated APEX 'com.android.ipsec' in /system/apex/com.android.ipsec to /apex/com.android.ipsec, version 300000000 
[  199.740865] init: Activated APEX 'com.android.media' in /system/apex/com.android.media to /apex/com.android.media, version 300000000 
[  199.743471] init: Activated APEX 'com.android.media.swcodec' in /system/apex/com.android.media.swcodec to /apex/com.android.media.swcodec, version 300000000 
[  199.746372] init: Activated APEX 'com.android.mediaprovider' in /system/apex/com.android.mediaprovider to /apex/com.android.mediaprovider, version 300000000 
[  199.749161] init: Activated APEX 'com.android.neuralnetworks' in /system/apex/com.android.neuralnetworks to /apex/com.android.neuralnetworks, version 300000000 
[  199.751817] init: Activated APEX 'com.android.os.statsd' in /system/apex/com.android.os.statsd to /apex/com.android.os.statsd, version 300000000 
[  199.754338] init: Activated APEX 'com.android.permission' in /system/apex/com.android.permission to /apex/com.android.permission, version 300000000 
[  199.757039] init: Activated APEX 'com.android.resolv' in /system/apex/com.android.resolv to /apex/com.android.resolv, version 300000000 
[  199.759571] init: Activated APEX 'com.android.runtime' in /system/apex/com.android.runtime to /apex/com.android.runtime, version 1 
[  199.762456] init: Activated APEX 'com.android.sdkext' in /system/apex/com.android.sdkext to /apex/com.android.sdkext, version 300000000 
[  199.765031] init: Activated APEX 'com.android.tethering' in /system/apex/com.android.tethering to /apex/com.android.tethering, version 300000000 
[  199.767521] init: Activated APEX 'com.android.tzdata' in /system/apex/com.android.tzdata to /apex/com.android.tzdata, version 300000000 
[  199.770345] init: Activated APEX 'com.android.vndk.v30' in /system/apex/com.android.vndk.current to /apex/com.android.vndk.v30, version 1 
[  199.773034] init: Activated APEX 'com.android.wifi' in /system/apex/com.android.wifi to /apex/com.android.wifi, version 300000000 
[  199.776466] init: Activated APEX 'com.android.vndk.v28' in /system_ext/apex/com.android.vndk.v28 to /apex/com.android.vndk.v28, version 1 
[  199.786669] init: Activated APEX 'com.android.vndk.v29' in /system_ext/apex/com.android.vndk.v29 to /apex/com.android.vndk.v29, version 1 
[  199.786935] init: SetupMountNamespaces done
[  199.790522] init: Forked subcontext for 'u:r:vendor_init:s0' with pid 3
[  199.793456] init: Parsing file /system/etc/init/hw/init.rc...
[  199.797295] init: Added '/init.environ.rc' to import list
[  199.797359] init: Added '/system/etc/init/hw/init.usb.rc' to import list
[  199.797406] init: Added '/init.unknown.rc' to import list
[  199.797457] init: Added '/vendor/etc/init/hw/init.unknown.rc' to import list
[  199.797489] init: Added '/system/etc/init/hw/init.usb.configfs.rc' to import list
[  199.797535] init: Added '/system/etc/init/hw/init.zygote64_32.rc' to import list
[  199.803889] init: Parsing file /init.environ.rc...
[  199.805789] init: Parsing file /system/etc/init/hw/init.usb.rc...
[  199.807410] init: Parsing file /init.unknown.rc...
[  199.807497] init: Unable to read config file '/init.unknown.rc': open() failed: No such file or directory
[  199.808898] init: Parsing file /vendor/etc/init/hw/init.unknown.rc...
[  199.809047] init: Unable to read config file '/vendor/etc/init/hw/init.unknown.rc': open() failed: No such file or directory
[  199.809279] init: Parsing file /system/etc/init/hw/init.usb.configfs.rc...
[  199.811710] init: Parsing file /system/etc/init/hw/init.zygote64_32.rc...
[  199.813293] init: Parsing directory /system/etc/init...
[  199.813911] init: Parsing file /system/etc/init/adb_root.rc...
[  199.816907] init: Parsing file /system/etc/init/android.hidl.allocator@1.0-service.rc...
[  199.818884] init: Parsing file /system/etc/init/android.system.suspend@1.0-service.rc...
[  199.819695] init: last valid run-time capability is larger than CAP_LAST_CAP
[  199.819762] init: Parsing file /system/etc/init/apexd.rc...
[  199.820618] init: Parsing file /system/etc/init/atrace.rc...
[  199.823572] init: Parsing file /system/etc/init/atrace_userdebug.rc...
[  199.824496] init: Parsing file /system/etc/init/audioserver.rc...
[  199.825247] init: last valid run-time capability is larger than CAP_LAST_CAP
[  199.825680] init: Parsing file /system/etc/init/blank_screen.rc...
[  199.826263] init: Parsing file /system/etc/init/bootanim.rc...
[  199.826851] init: Parsing file /system/etc/init/bootstat-debug.rc...
[  199.827400] init: Parsing file /system/etc/init/bootstat.rc...
[  199.828652] init: Parsing file /system/etc/init/bpfloader.rc...
[  199.829400] init: last valid run-time capability is larger than CAP_LAST_CAP
[  199.829603] init: Parsing file /system/etc/init/cameraserver.rc...
[  199.830213] init: Parsing file /system/etc/init/clean_scratch_files.rc...
[  199.830732] init: Parsing file /system/etc/init/credstore.rc...
[  199.831245] init: Parsing file /system/etc/init/drmserver.rc...
[  199.831835] init: Parsing file /system/etc/init/dumpstate.rc...
[  199.832834] init: Parsing file /system/etc/init/flags_health_check.rc...
[  199.833484] init: Parsing file /system/etc/init/gatekeeperd.rc...
[  199.834050] init: Parsing file /system/etc/init/gpuservice.rc...
[  199.834679] init: Parsing file /system/etc/init/gsid.rc...
[  199.835604] init: Parsing file /system/etc/init/heapprofd.rc...
[  199.836326] init: last valid run-time capability is larger than CAP_LAST_CAP
[  199.836624] init: Parsing file /system/etc/init/hwservicemanager.rc...
[  199.837335] init: Parsing file /system/etc/init/idmap2d.rc...
[  199.837894] init: Parsing file /system/etc/init/incidentd.rc...
[  199.838471] init: last valid run-time capability is larger than CAP_LAST_CAP
[  199.838621] init: Parsing file /system/etc/init/init-debug.rc...
[  199.839174] init: Parsing file /system/etc/init/init.waydroid.rc...
[  199.839985] init: last valid run-time capability is larger than CAP_LAST_CAP
[  199.840415] init: last valid run-time capability is larger than CAP_LAST_CAP
[  199.840629] init: last valid run-time capability is larger than CAP_LAST_CAP
[  199.840932] init: last valid run-time capability is larger than CAP_LAST_CAP
[  199.841149] init: Parsing file /system/etc/init/installd.rc...
[  199.842532] init: Parsing file /system/etc/init/iorapd.rc...
[  199.843265] init: last valid run-time capability is larger than CAP_LAST_CAP
[  199.843504] init: Parsing file /system/etc/init/keystore.rc...
[  199.844158] init: Parsing file /system/etc/init/lineage-iosched.rc...
[  199.846707] init: Parsing file /system/etc/init/lineage-ssh.rc...
[  199.847732] init: Parsing file /system/etc/init/lineage-system.rc...
[  199.850080] init: Parsing file /system/etc/init/lineage-updates.rc...
[  199.850642] init: Parsing file /system/etc/init/lmkd.rc...
[  199.851313] init: last valid run-time capability is larger than CAP_LAST_CAP
[  199.851446] init: Parsing file /system/etc/init/logcatd.rc...
[  199.852682] init: Parsing file /system/etc/init/logd.rc...
[  199.853440] init: last valid run-time capability is larger than CAP_LAST_CAP
[  199.853570] init: last valid run-time capability is larger than CAP_LAST_CAP
[  199.853751] init: Parsing file /system/etc/init/logtagd.rc...
[  199.854289] init: Parsing file /system/etc/init/lpdumpd.rc...
[  199.854975] init: Parsing file /system/etc/init/mdnsd.rc...
[  199.855650] init: Parsing file /system/etc/init/mediaextractor.rc...
[  199.856193] init: Parsing file /system/etc/init/mediametrics.rc...
[  199.856921] init: Parsing file /system/etc/init/mediaserver.rc...
[  199.857705] init: Parsing file /system/etc/init/mtpd.rc...
[  199.858320] init: last valid run-time capability is larger than CAP_LAST_CAP
[  199.858420] init: Parsing file /system/etc/init/netd.rc...
[  199.859086] init: last valid run-time capability is larger than CAP_LAST_CAP
[  199.859294] init: Parsing file /system/etc/init/perfetto.rc...
[  199.860108] init: last valid run-time capability is larger than CAP_LAST_CAP
[  199.860531] init: Parsing file /system/etc/init/racoon.rc...
[  199.861186] init: last valid run-time capability is larger than CAP_LAST_CAP
[  199.861262] init: Parsing file /system/etc/init/recovery-persist.rc...
[  199.861852] init: Parsing file /system/etc/init/recovery-refresh.rc...
[  199.862318] init: Parsing file /system/etc/init/rss_hwm_reset.rc...
[  199.862804] init: last valid run-time capability is larger than CAP_LAST_CAP
[  199.862896] init: Parsing file /system/etc/init/servicemanager.rc...
[  199.863657] init: Parsing file /system/etc/init/storaged.rc...
[  199.864164] init: last valid run-time capability is larger than CAP_LAST_CAP
[  199.864354] init: Parsing file /system/etc/init/surfaceflinger.rc...
[  199.865022] init: last valid run-time capability is larger than CAP_LAST_CAP
[  199.865252] init: Parsing file /system/etc/init/tombstoned.rc...
[  199.866161] init: Parsing file /system/etc/init/traced_perf.rc...
[  199.866796] init: last valid run-time capability is larger than CAP_LAST_CAP
[  199.867058] init: Parsing file /system/etc/init/traceur.rc...
[  199.867638] init: Parsing file /system/etc/init/uncrypt.rc...
[  199.868485] init: Parsing file /system/etc/init/usbd.rc...
[  199.869206] init: Parsing file /system/etc/init/vdc.rc...
[  199.869953] init: Parsing file /system/etc/init/vendor.waydroid.task@1.0-service.rc...
[  199.870739] init: Parsing file /system/etc/init/vold.rc...
[  199.871458] init: Parsing file /system/etc/init/wait_for_keymaster.rc...
[  199.872207] init: Parsing file /system/etc/init/wifi.rc...
[  199.873586] init: Parsing file /system/etc/init/wificond.rc...
[  199.874537] init: last valid run-time capability is larger than CAP_LAST_CAP
[  199.874851] init: Parsing file /system_ext/etc/init...
[  199.874946] init: Unable to read config file '/system_ext/etc/init': open() failed: No such file or directory
[  199.875047] init: Parsing file /product/etc/init...
[  199.875112] init: Unable to read config file '/product/etc/init': open() failed: No such file or directory
[  199.875214] init: Parsing file /odm/etc/init...
[  199.875279] init: Unable to read config file '/odm/etc/init': open() failed: No such file or directory
[  199.875328] init: Parsing directory /vendor/etc/init...
[  199.875620] init: Parsing file /vendor/etc/init/android.hardware.audio.service.rc...
[  199.881825] init: last valid run-time capability is larger than CAP_LAST_CAP
[  199.881929] init: /vendor/etc/init/android.hardware.audio.service.rc: 1: ignored duplicate definition of service 'vendor.audio-hal'
[  199.881965] init: Parsing file /vendor/etc/init/android.hardware.camera.provider@2.4-service.rc...
[  199.882735] init: /vendor/etc/init/android.hardware.camera.provider@2.4-service.rc: 2: Interface 'android.hardware.camera.provider@2.4::ICameraProvider/legacy/0' redefined in vendor.camera-provider-2-4 but is already defined by vendor.camera-provider-2-4
[  199.882837] init: last valid run-time capability is larger than CAP_LAST_CAP
[  199.882895] init: /vendor/etc/init/android.hardware.camera.provider@2.4-service.rc: 1: ignored duplicate definition of service 'vendor.camera-provider-2-4'
[  199.882930] init: Parsing file /vendor/etc/init/android.hardware.cas@1.2-service.rc...
[  199.883485] init: Parsing file /vendor/etc/init/android.hardware.configstore@1.1-service.rc...
[  199.884425] init: Parsing file /vendor/etc/init/android.hardware.drm@1.0-service.rc...
[  199.885477] init: Parsing file /vendor/etc/init/android.hardware.drm@1.3-service.clearkey.rc...
[  199.886269] init: Parsing file /vendor/etc/init/android.hardware.gatekeeper@1.0-service.rc...
[  199.886865] init: Parsing file /vendor/etc/init/android.hardware.graphics.allocator@2.0-service.rc...
[  199.887455] init: last valid run-time capability is larger than CAP_LAST_CAP
[  199.887527] init: Parsing file /vendor/etc/init/android.hardware.graphics.composer@2.1-service.rc...
[  199.888094] init: last valid run-time capability is larger than CAP_LAST_CAP
[  199.888433] init: /vendor/etc/init/android.hardware.graphics.composer@2.1-service.rc: 1: ignored duplicate definition of service 'vendor.hwcomposer-2-1'
[  199.888494] init: Parsing file /vendor/etc/init/android.hardware.health@2.0-service.waydroid.rc...
[  199.889167] init: Parsing file /vendor/etc/init/android.hardware.keymaster@4.0-service.rc...
[  199.889779] init: Parsing file /vendor/etc/init/android.hardware.light@2.0-service.waydroid.rc...
[  199.890336] init: Parsing file /vendor/etc/init/android.hardware.media.omx@1.0-service.rc...
[  199.891242] init: Parsing file /vendor/etc/init/android.hardware.memtrack@1.0-service.rc...
[  199.891848] init: Parsing file /vendor/etc/init/android.hardware.power@1.0-service.waydroid.rc...
[  199.892469] init: Parsing file /vendor/etc/init/android.hardware.sensors@1.0-service.waydroid.rc...
[  199.893153] init: Parsing file /vendor/etc/init/android.hardware.vibrator@1.0-service.waydroid.rc...
[  199.893791] init: Parsing file /vendor/etc/init/boringssl_self_test.rc...
[  199.894398] init: Parsing file /vendor/etc/init/vendor_flash_recovery.rc...
[  199.895021] init: Parsing file /vendor/etc/init/vndservicemanager.rc...
[  199.897188] init: processing action (SetupCgroups) from (<Builtin Action>:0)
[  199.902480] libprocessgroup: Failed to mount blkio cgroup: Operation not permitted
[  199.902581] libprocessgroup: Failed to setup blkio cgroup
[  199.903013] libprocessgroup: lchown() failed for /sys/fs/cgroup/.: Read-only file system
[  199.903107] libprocessgroup: Failed to create directory for cgroup2 cgroup
[  199.903162] libprocessgroup: Failed to mount cgroup2 cgroup: Read-only file system
[  199.903221] libprocessgroup: Failed to setup cgroup2 cgroup
[  199.903849] libprocessgroup: Failed to mount cpu cgroup: Operation not permitted
[  199.903939] libprocessgroup: Failed to setup cpu cgroup
[  199.904645] libprocessgroup: Failed to mount cpuacct cgroup: Operation not permitted
[  199.904808] libprocessgroup: Failed to setup cpuacct cgroup
[  199.905501] libprocessgroup: Failed to mount cpuset cgroup: Operation not permitted
[  199.905606] libprocessgroup: Failed to setup cpuset cgroup
[  199.905736] libprocessgroup: mkdir() failed for /sys/fs/cgroup/freezer: Read-only file system
[  199.905771] libprocessgroup: Failed to create directory for freezer cgroup
[  199.905802] libprocessgroup: Failed to setup freezer cgroup
[  199.906387] libprocessgroup: Failed to mount memory cgroup: Operation not permitted
[  199.906478] libprocessgroup: Failed to setup memory cgroup
[  199.906746] cgroup: Unknown subsys name 'schedtune'
[  199.906832] libprocessgroup: Failed to mount schedtune cgroup: Invalid argument
[  199.906910] libprocessgroup: Failed to setup schedtune cgroup
[  199.911182] init: processing action (TestPerfEventSelinux) from (<Builtin Action>:0)
[  199.911503] init: processing action (early-init) from (/system/etc/init/hw/init.rc:15)
[  199.912167] init: Command 'write /proc/sys/kernel/sysrq 0' action=early-init (/system/etc/init/hw/init.rc:17) took 0ms and failed: Unable to write to file '/proc/sys/kernel/sysrq': open() failed: Read-only file system
[  199.913087] init: Command 'write /proc/sys/kernel/modprobe 
[  199.913114] init: ' action=early-init (/system/etc/init/hw/init.rc:22) took 0ms and failed: Unable to write to file '/proc/sys/kernel/modprobe': open() failed: Read-only file system
[  199.915078] init: Command 'mkdir /acct/uid' action=early-init (/system/etc/init/hw/init.rc:30) took 1ms and failed: mkdir() failed on /acct/uid: Read-only file system
[  199.922194] init: starting service 'exec 1 (/system/bin/linkerconfig --target /linkerconfig/bootstrap)'...
[  199.926408] libprocessgroup: Failed to make and chown /acct/uid_0: Read-only file system
[  199.926541] init: createProcessGroup(0, 4) failed for service 'exec 1 (/system/bin/linkerconfig --target /linkerconfig/bootstrap)': Read-only file system
[  199.926630] init: SVC_EXEC service 'exec 1 (/system/bin/linkerconfig --target /linkerconfig/bootstrap)' pid 4 (uid 0 gid 0+0 context default) started; waiting...
[  200.033462] init: Service 'exec 1 (/system/bin/linkerconfig --target /linkerconfig/bootstrap)' (pid 4) exited with status 0 waiting took 0.107000 seconds
[  200.033525] init: Sending signal 9 to service 'exec 1 (/system/bin/linkerconfig --target /linkerconfig/bootstrap)' (pid 4) process group...
[  200.033704] libprocessgroup: Successfully killed process cgroup uid 0 pid 4 in 0ms
[  200.039085] init: starting service 'ueventd'...
[  200.042689] libprocessgroup: Failed to make and chown /acct/uid_0: Read-only file system
[  200.042820] init: createProcessGroup(0, 5) failed for service 'ueventd': Read-only file system
[  200.044952] init: starting service 'apexd-bootstrap'...
[  200.048594] libprocessgroup: Failed to make and chown /acct/uid_0: Read-only file system
[  200.048721] init: createProcessGroup(0, 6) failed for service 'apexd-bootstrap': Read-only file system
[  200.050991] init: SVC_EXEC service 'apexd-bootstrap' pid 6 (uid 0 gid 1000+0 context default) started; waiting...
[  200.127299] ueventd: ueventd started!
[  200.133119] selinux: SELinux: Loaded file_contexts
[  200.133149] selinux: 
[  200.133524] ueventd: Parsing file /system/etc/ueventd.rc...
[  200.144997] ueventd: Parsing file /vendor/ueventd.rc...
[  200.145175] ueventd: Unable to read config file '/vendor/ueventd.rc': open() failed: No such file or directory
[  200.145313] ueventd: Parsing file /odm/ueventd.rc...
[  200.145414] ueventd: Unable to read config file '/odm/ueventd.rc': open() failed: No such file or directory
[  200.145577] ueventd: Parsing file /ueventd.unknown.rc...
[  200.145675] ueventd: Unable to read config file '/ueventd.unknown.rc': open() failed: No such file or directory
[  200.147429] ueventd: [libfs_mgr]ReadDefaultFstab(): failed to find device default fstab
[  200.314542] ueventd: Coldboot took 0.166 seconds
[  200.319007] apexd: This device does not support updatable APEX. Exiting
[  200.323599] init: Service 'apexd-bootstrap' (pid 6) exited with status 0 waiting took 0.275000 seconds
[  200.323663] init: Sending signal 9 to service 'apexd-bootstrap' (pid 6) process group...
[  200.323844] libprocessgroup: Successfully killed process cgroup uid 0 pid 6 in 0ms
[  200.329902] init: processing action (ro.product.cpu.abilist32=* && early-init) from (/system/etc/init/hw/init.rc:85)
[  200.330150] init: starting service 'boringssl_self_test32'...
[  200.333927] libprocessgroup: Failed to make and chown /acct/uid_0: Read-only file system
[  200.334021] init: createProcessGroup(0, 12) failed for service 'boringssl_self_test32': Read-only file system
[  200.335514] init: SVC_EXEC service 'boringssl_self_test32' pid 12 (uid 0 gid 0+0 context default) started; waiting...
[  200.547689] binder_alloc_selftest: STARTED
[  200.596192] init: Service 'boringssl_self_test32' (pid 12) exited with status 0 waiting took 0.262000 seconds
[  200.596398] init: Sending signal 9 to service 'boringssl_self_test32' (pid 12) process group...
[  200.596735] libprocessgroup: Successfully killed process cgroup uid 0 pid 12 in 0ms
[  200.598482] init: processing action (ro.product.cpu.abilist64=* && early-init) from (/system/etc/init/hw/init.rc:87)
[  200.598753] init: starting service 'boringssl_self_test64'...
[  200.602568] libprocessgroup: Failed to make and chown /acct/uid_0: Read-only file system
[  200.602691] init: createProcessGroup(0, 13) failed for service 'boringssl_self_test64': Read-only file system
[  200.604531] init: SVC_EXEC service 'boringssl_self_test64' pid 13 (uid 0 gid 0+0 context default) started; waiting...
[  200.793349] init: Service 'boringssl_self_test64' (pid 13) exited with status 0 waiting took 0.191000 seconds
[  200.793413] init: Sending signal 9 to service 'boringssl_self_test64' (pid 13) process group...
[  200.793603] libprocessgroup: Successfully killed process cgroup uid 0 pid 13 in 0ms
[  200.794867] init: processing action (early-init) from (/init.environ.rc:2)
[  200.795817] init: processing action (ro.product.cpu.abilist32=* && early-init) from (/vendor/etc/init/boringssl_self_test.rc:2)
[  200.798178] init: starting service 'boringssl_self_test32_vendor'...
[  200.802139] libprocessgroup: Failed to make and chown /acct/uid_0: Read-only file system
[  200.802265] init: createProcessGroup(0, 14) failed for service 'boringssl_self_test32_vendor': Read-only file system
[  200.803959] init: SVC_EXEC service 'boringssl_self_test32_vendor' pid 14 (uid 0 gid 0+0 context default) started; waiting...
[  200.832053] init: Service 'boringssl_self_test32_vendor' (pid 14) exited with status 0 waiting took 0.030000 seconds
[  200.832122] init: Sending signal 9 to service 'boringssl_self_test32_vendor' (pid 14) process group...
[  200.832485] libprocessgroup: Successfully killed process cgroup uid 0 pid 14 in 0ms
[  200.834044] init: processing action (ro.product.cpu.abilist64=* && early-init) from (/vendor/etc/init/boringssl_self_test.rc:4)
[  200.834551] init: starting service 'boringssl_self_test64_vendor'...
[  200.838465] libprocessgroup: Failed to make and chown /acct/uid_0: Read-only file system
[  200.838630] init: createProcessGroup(0, 15) failed for service 'boringssl_self_test64_vendor': Read-only file system
[  200.840363] init: SVC_EXEC service 'boringssl_self_test64_vendor' pid 15 (uid 0 gid 0+0 context default) started; waiting...
[  200.869321] init: Service 'boringssl_self_test64_vendor' (pid 15) exited with status 0 waiting took 0.031000 seconds
[  200.869378] init: Sending signal 9 to service 'boringssl_self_test64_vendor' (pid 15) process group...
[  200.869574] libprocessgroup: Successfully killed process cgroup uid 0 pid 15 in 0ms
[  200.870831] init: processing action (wait_for_coldboot_done) from (<Builtin Action>:0)
[  200.870896] init: start_waiting_for_property("ro.cold_boot_done", "true"): already set
[  200.871052] init: processing action (KeychordInit) from (<Builtin Action>:0)
[  200.871169] init: Could not add watch for /dev/input: No such file or directory
[  200.871358] init: processing action (init) from (/system/etc/init/hw/init.rc:114)
[  200.873932] init: Command 'symlink /proc/self/fd/0 /dev/stdin' action=init (/system/etc/init/hw/init.rc:121) took 0ms and failed: symlink() failed: File exists
[  200.874765] init: Command 'symlink /proc/self/fd/1 /dev/stdout' action=init (/system/etc/init/hw/init.rc:122) took 0ms and failed: symlink() failed: File exists
[  200.875657] init: Command 'symlink /proc/self/fd/2 /dev/stderr' action=init (/system/etc/init/hw/init.rc:123) took 0ms and failed: symlink() failed: File exists
[  200.898586] init: Command 'symlink /dev/binderfs/binder /dev/binder' action=init (/system/etc/init/hw/init.rc:183) took 0ms and failed: symlink() failed: File exists
[  200.899008] init: Command 'symlink /dev/binderfs/hwbinder /dev/hwbinder' action=init (/system/etc/init/hw/init.rc:184) took 0ms and failed: symlink() failed: File exists
[  200.899375] init: Command 'symlink /dev/binderfs/vndbinder /dev/vndbinder' action=init (/system/etc/init/hw/init.rc:185) took 0ms and failed: symlink() failed: File exists
[  200.917866] init: Command 'write /proc/sys/kernel/panic_on_oops 1' action=init (/system/etc/init/hw/init.rc:227) took 0ms and failed: Unable to write to file '/proc/sys/kernel/panic_on_oops': open() failed: Read-only file system
[  200.921635] init: Command 'write /proc/sys/kernel/sched_child_runs_first 0' action=init (/system/etc/init/hw/init.rc:238) took 0ms and failed: Unable to write to file '/proc/sys/kernel/sched_child_runs_first': open() failed: Read-only file system
[  200.922344] init: Command 'write /proc/sys/kernel/randomize_va_space 2' action=init (/system/etc/init/hw/init.rc:240) took 0ms and failed: Unable to write to file '/proc/sys/kernel/randomize_va_space': open() failed: Read-only file system
[  200.923073] init: Command 'write /proc/sys/vm/mmap_min_addr 32768' action=init (/system/etc/init/hw/init.rc:241) took 0ms and failed: Unable to write to file '/proc/sys/vm/mmap_min_addr': open() failed: Read-only file system
[  200.925374] init: Command 'write /proc/sys/kernel/sched_rt_runtime_us 950000' action=init (/system/etc/init/hw/init.rc:244) took 0ms and failed: Unable to write to file '/proc/sys/kernel/sched_rt_runtime_us': open() failed: Read-only file system
[  200.926366] init: Command 'write /proc/sys/kernel/sched_rt_period_us 1000000' action=init (/system/etc/init/hw/init.rc:245) took 0ms and failed: Unable to write to file '/proc/sys/kernel/sched_rt_period_us': open() failed: Read-only file system
[  200.934814] init: Command 'copy /dev/cpuset/cpus /dev/cpuset/foreground/cpus' action=init (/system/etc/init/hw/init.rc:278) took 0ms and failed: Could not read input file '/dev/cpuset/cpus': open() failed: No such file or directory
[  200.935011] init: Command 'copy /dev/cpuset/mems /dev/cpuset/foreground/mems' action=init (/system/etc/init/hw/init.rc:279) took 0ms and failed: Could not read input file '/dev/cpuset/mems': open() failed: No such file or directory
[  200.936128] init: Command 'copy /dev/cpuset/cpus /dev/cpuset/background/cpus' action=init (/system/etc/init/hw/init.rc:281) took 0ms and failed: Could not read input file '/dev/cpuset/cpus': open() failed: No such file or directory
[  200.936507] init: Command 'copy /dev/cpuset/mems /dev/cpuset/background/mems' action=init (/system/etc/init/hw/init.rc:282) took 0ms and failed: Could not read input file '/dev/cpuset/mems': open() failed: No such file or directory
[  200.937687] init: Command 'copy /dev/cpuset/cpus /dev/cpuset/system-background/cpus' action=init (/system/etc/init/hw/init.rc:288) took 0ms and failed: Could not read input file '/dev/cpuset/cpus': open() failed: No such file or directory
[  200.937877] init: Command 'copy /dev/cpuset/mems /dev/cpuset/system-background/mems' action=init (/system/etc/init/hw/init.rc:289) took 0ms and failed: Could not read input file '/dev/cpuset/mems': open() failed: No such file or directory
[  200.939044] init: Command 'copy /dev/cpuset/cpus /dev/cpuset/restricted/cpus' action=init (/system/etc/init/hw/init.rc:294) took 0ms and failed: Could not read input file '/dev/cpuset/cpus': open() failed: No such file or directory
[  200.939227] init: Command 'copy /dev/cpuset/mems /dev/cpuset/restricted/mems' action=init (/system/etc/init/hw/init.rc:295) took 0ms and failed: Could not read input file '/dev/cpuset/mems': open() failed: No such file or directory
[  200.940222] init: Command 'copy /dev/cpuset/cpus /dev/cpuset/top-app/cpus' action=init (/system/etc/init/hw/init.rc:298) took 0ms and failed: Could not read input file '/dev/cpuset/cpus': open() failed: No such file or directory
[  200.940603] init: Command 'copy /dev/cpuset/mems /dev/cpuset/top-app/mems' action=init (/system/etc/init/hw/init.rc:299) took 0ms and failed: Could not read input file '/dev/cpuset/mems': open() failed: No such file or directory
[  200.960989] init: Command 'write /proc/sys/abi/swp 1' action=init (/system/etc/init/hw/init.rc:357) took 0ms and failed: Unable to write to file '/proc/sys/abi/swp': open() failed: Read-only file system
[  200.961908] init: Command 'symlink /proc/self/fd /dev/fd' action=init (/system/etc/init/hw/init.rc:361) took 0ms and failed: symlink() failed: File exists
[  200.965061] init: Command 'chown system system /sys/power/state' action=init (/system/etc/init/hw/init.rc:376) took 0ms and failed: lchown() failed: Read-only file system
[  200.965279] init: Command 'chown system system /sys/power/wakeup_count' action=init (/system/etc/init/hw/init.rc:377) took 0ms and failed: lchown() failed: Read-only file system
[  200.965474] init: Command 'chmod 0660 /sys/power/state' action=init (/system/etc/init/hw/init.rc:378) took 0ms and failed: fchmodat() failed: Read-only file system
[  200.966132] init: starting service 'logd'...
[  200.966406] init: Created socket '/dev/socket/logd', mode 666, user 1036, group 1036
[  200.966613] init: Created socket '/dev/socket/logdr', mode 666, user 1036, group 1036
[  200.966833] init: Created socket '/dev/socket/logdw', mode 222, user 1036, group 1036
[  200.966943] init: Opened file '/proc/kmsg', flags 0
[  200.967042] init: Opened file '/dev/kmsg', flags 1
[  200.970871] libprocessgroup: Failed to make and chown /acct/uid_1036: Read-only file system
[  200.970982] init: createProcessGroup(1036, 16) failed for service 'logd': Read-only file system
[  200.974049] init: starting service 'lmkd'...
[  200.974379] init: Created socket '/dev/socket/lmkd', mode 660, user 1000, group 1000
[  200.978477] libprocessgroup: Failed to make and chown /acct/uid_1069: Read-only file system
[  200.978638] init: createProcessGroup(1069, 17) failed for service 'lmkd': Read-only file system
[  200.981733] init: starting service 'servicemanager'...
[  200.985990] libprocessgroup: Failed to make and chown /acct/uid_1000: Read-only file system
[  200.986129] init: createProcessGroup(1000, 18) failed for service 'servicemanager': Read-only file system
[  200.988690] init: starting service 'hwservicemanager'...
[  200.993385] libprocessgroup: Failed to make and chown /acct/uid_1000: Read-only file system
[  200.993581] init: createProcessGroup(1000, 19) failed for service 'hwservicemanager': Read-only file system
[  200.996156] init: starting service 'vndservicemanager'...
[  201.000570] libprocessgroup: Failed to make and chown /acct/uid_1000: Read-only file system
[  201.000775] init: createProcessGroup(1000, 20) failed for service 'vndservicemanager': Read-only file system
[  201.009537] init: processing action (ro.debuggable=1 && init) from (/system/etc/init/hw/init.rc:1058)
[  201.009941] init: processing action (init) from (/system/etc/init/hw/init.usb.rc:24)
[  201.012167] init: processing action (init) from (/system/etc/init/audioserver.rc:56)
[  201.013927] init: processing action (init) from (/system/etc/init/lineage-iosched.rc:1)
[  201.015185] cgroup: Unknown subsys name 'bfqio'
[  201.015374] init: Command 'mount cgroup none /dev/bfqio bfqio' action=init (/system/etc/init/lineage-iosched.rc:4) took 0ms and failed: mount() failed: Invalid argument
[  201.019476] init: processing action (init) from (/system/etc/init/lineage-system.rc:2)
[  201.019789] init: processing action (late-init) from (/system/etc/init/hw/init.rc:415)
[  201.021369] init: processing action (late-init) from (/system/etc/init/atrace.rc:3)
[  201.050181] init: processing action (queue_property_triggers) from (<Builtin Action>:0)
[  201.050536] init: processing action (early-fs) from (/system/etc/init/hw/init.rc:455)
[  201.051043] init: starting service 'vold'...
[  201.055393] libprocessgroup: Failed to make and chown /acct/uid_0: Read-only file system
[  201.055554] init: createProcessGroup(0, 21) failed for service 'vold': Read-only file system
[  201.058201] init: processing action (fs) from (/system/etc/init/hw/init.rc:451)
[  201.059264] init: Userdata mounted using /dev/null result : 1
[  201.059941] init: processing action (fs) from (/system/etc/init/logd.rc:28)
[  201.061440] init: processing action (fs) from (/system/etc/init/wifi.rc:25)
[  201.062471] init: processing action (post-fs) from (/system/etc/init/hw/init.rc:459)
[  201.062871] init: starting service 'exec 2 (/system/bin/vdc checkpoint markBootAttempt)'...
[  201.067397] libprocessgroup: Failed to make and chown /acct/uid_1000: Read-only file system
[  201.067568] init: createProcessGroup(1000, 22) failed for service 'exec 2 (/system/bin/vdc checkpoint markBootAttempt)': Read-only file system
[  201.067677] init: SVC_EXEC service 'exec 2 (/system/bin/vdc checkpoint markBootAttempt)' pid 22 (uid 1000 gid 1000+0 context default) started; waiting...
[  201.225722] logd.auditd: start
[  201.225773] logd.klogd: 201217512291
[ 1184.377986] binder_alloc_selftest: PASSED
[ 1184.378441] binder: 3769:3769 cannot find target node
[ 1184.378478] binder: 3769:3769 transaction call to 0:0 failed 1/29189/-22, size 0-0 line 3030
[ 1185.383159] init: Service 'exec 2 (/system/bin/vdc checkpoint markBootAttempt)' (pid 22) exited with status 0 waiting took 984.299988 seconds
[ 1185.383224] init: Sending signal 9 to service 'exec 2 (/system/bin/vdc checkpoint markBootAttempt)' (pid 22) process group...
[ 1185.383403] libprocessgroup: Successfully killed process cgroup uid 1000 pid 22 in 0ms
[ 1185.386704] init: Command 'chown system cache /cache' action=post-fs (/system/etc/init/hw/init.rc:471) took 0ms and failed: lchown() failed: Read-only file system
[ 1185.386919] init: Command 'chmod 0770 /cache' action=post-fs (/system/etc/init/hw/init.rc:472) took 0ms and failed: fchmodat() failed: Read-only file system
[ 1185.390138] init: Command 'chown root system /proc/sysrq-trigger' action=post-fs (/system/etc/init/hw/init.rc:494) took 0ms and failed: lchown() failed: Read-only file system
[ 1185.390324] init: Command 'chmod 0220 /proc/sysrq-trigger' action=post-fs (/system/etc/init/hw/init.rc:495) took 0ms and failed: fchmodat() failed: Read-only file system
[ 1185.395294] init: processing action (post-fs) from (/system/etc/init/atrace_userdebug.rc:7)
[ 1185.397023] init: processing action (post-fs) from (/system/etc/init/gsid.rc:8)
[ 1185.398922] init: processing action (post-fs) from (/system/etc/init/recovery-refresh.rc:1)
[ 1185.399268] init: starting service 'exec 3 (/system/bin/recovery-refresh)'...
[ 1185.402896] libprocessgroup: Failed to make and chown /acct/uid_1000: Read-only file system
[ 1185.403026] init: createProcessGroup(1000, 35) failed for service 'exec 3 (/system/bin/recovery-refresh)': Read-only file system
[ 1185.403389] init: processing action (late-fs) from (/system/etc/init/hw/init.rc:523)
[ 1185.408872] init: starting service 'system_suspend'...
[ 1185.412917] libprocessgroup: Failed to make and chown /acct/uid_1000: Read-only file system
[ 1185.413053] init: createProcessGroup(1000, 36) failed for service 'system_suspend': Read-only file system
[ 1185.417029] init: starting service 'vendor.keymaster-4-0'...
[ 1185.420951] libprocessgroup: Failed to make and chown /acct/uid_1000: Read-only file system
[ 1185.421094] init: createProcessGroup(1000, 37) failed for service 'vendor.keymaster-4-0': Read-only file system
[ 1185.423145] init: processing action (post-fs-data) from (/system/etc/init/hw/init.rc:532)
[ 1185.423661] init: starting service 'exec 4 (/system/bin/vdc checkpoint prepareCheckpoint)'...
[ 1185.427970] libprocessgroup: Failed to make and chown /acct/uid_1000: Read-only file system
[ 1185.428144] init: createProcessGroup(1000, 38) failed for service 'exec 4 (/system/bin/vdc checkpoint prepareCheckpoint)': Read-only file system
[ 1185.428284] init: SVC_EXEC service 'exec 4 (/system/bin/vdc checkpoint prepareCheckpoint)' pid 38 (uid 1000 gid 1000+0 context default) started; waiting...
[ 1185.437868] init: Service 'exec 3 (/system/bin/recovery-refresh)' (pid 35) exited with status 254 oneshot service took 0.035000 seconds in background
[ 1185.437951] init: Sending signal 9 to service 'exec 3 (/system/bin/recovery-refresh)' (pid 35) process group...
[ 1185.438136] libprocessgroup: Successfully killed process cgroup uid 1000 pid 35 in 0ms
[ 1185.475879] init: Service 'exec 4 (/system/bin/vdc checkpoint prepareCheckpoint)' (pid 38) exited with status 0 waiting took 0.048000 seconds
[ 1185.475964] init: Sending signal 9 to service 'exec 4 (/system/bin/vdc checkpoint prepareCheckpoint)' (pid 38) process group...
[ 1185.476176] libprocessgroup: Successfully killed process cgroup uid 1000 pid 38 in 0ms
[ 1185.482567] init: Switched to default mount namespace
[ 1185.482816] init: Not setting encryption policy on: /data/apex
[ 1185.490247] init: Not setting encryption policy on: /data/app-staging
[ 1185.491976] init: starting service 'apexd'...
[ 1185.496192] libprocessgroup: Failed to make and chown /acct/uid_0: Read-only file system
[ 1185.496332] init: createProcessGroup(0, 41) failed for service 'apexd': Read-only file system
[ 1185.498668] init: Command 'copy /data/system/entropy.dat /dev/urandom' action=post-fs-data (/system/etc/init/hw/init.rc:565) took 0ms and failed: Could not read input file '/data/system/entropy.dat': open() failed: No such file or directory
[ 1185.504208] init: Command 'copy /data/misc/recovery/ro.build.fingerprint /data/misc/recovery/ro.build.fingerprint.1' action=post-fs-data (/system/etc/init/hw/init.rc:570) took 0ms and failed: Could not read input file '/data/misc/recovery/ro.build.fingerprint': open() failed: No such file or directory
[ 1185.509113] init: Command 'copy /data/misc/recovery/proc/version /data/misc/recovery/proc/version.1' action=post-fs-data (/system/etc/init/hw/init.rc:577) took 0ms and failed: Could not read input file '/data/misc/recovery/proc/version': open() failed: No such file or directory
[ 1185.567371] apexd: This device does not support updatable APEX. Exiting
[ 1185.567699] apexd: Marking APEXd as activated
[ 1185.573723] init: Service 'apexd' (pid 41) exited with status 0 oneshot service took 0.078000 seconds in background
[ 1185.573778] init: Sending signal 9 to service 'apexd' (pid 41) process group...
[ 1185.573921] libprocessgroup: Successfully killed process cgroup uid 0 pid 41 in 0ms
[ 1185.575149] init: Not setting encryption policy on: /data/preloads
[ 1185.577774] init: Not setting encryption policy on: /data/vendor_ce
[ 1185.578829] init: Not setting encryption policy on: /data/vendor_de
[ 1185.583266] init: Not setting encryption policy on: /data/data
[ 1185.599443] init: Not setting encryption policy on: /data/lost+found
[ 1185.613461] init: Not setting encryption policy on: /data/system_de
[ 1185.614739] init: Not setting encryption policy on: /data/system_ce
[ 1185.616246] init: Not setting encryption policy on: /data/misc_de
[ 1185.617504] init: Not setting encryption policy on: /data/misc_ce
[ 1185.618809] init: Not setting encryption policy on: /data/user
[ 1185.620376] init: Not setting encryption policy on: /data/user_de
[ 1185.621739] init: Command 'rm /data/user/0' action=post-fs-data (/system/etc/init/hw/init.rc:710) took 0ms and failed: unlink() failed: No such file or directory
[ 1185.654120] init: start_waiting_for_property("apexd.status", "activated"): already set
[ 1185.686599] init: Parsing file /apex/com.android.adbd/etc/init.rc...
[ 1185.688307] init: Parsing file /apex/com.android.media.swcodec/etc/init.rc...
[ 1185.689557] init: Parsing file /apex/com.android.os.statsd/etc/init.rc...
[ 1185.690909] init: Parsing file /apex/com.android.sdkext/etc/derive_sdk.rc...
[ 1185.692172] init: Not setting encryption policy on: /data/media
[ 1185.693672] init: starting service 'exec 5 (/system/bin/chattr +F /data/media)'...
[ 1185.697519] libprocessgroup: Failed to make and chown /acct/uid_1023: Read-only file system
[ 1185.697652] init: createProcessGroup(1023, 42) failed for service 'exec 5 (/system/bin/chattr +F /data/media)': Read-only file system
[ 1185.697763] init: SVC_EXEC service 'exec 5 (/system/bin/chattr +F /data/media)' pid 42 (uid 1023 gid 1023+0 context default) started; waiting...
[ 1185.734487] init: Service 'exec 5 (/system/bin/chattr +F /data/media)' (pid 42) exited with status 1 waiting took 0.037000 seconds
[ 1185.734550] init: Sending signal 9 to service 'exec 5 (/system/bin/chattr +F /data/media)' (pid 42) process group...
[ 1185.734730] libprocessgroup: Successfully killed process cgroup uid 1023 pid 42 in 0ms
[ 1185.737107] init: starting service 'derive_sdk'...
[ 1185.740904] libprocessgroup: Failed to make and chown /acct/uid_9999: Read-only file system
[ 1185.741023] init: createProcessGroup(9999, 43) failed for service 'derive_sdk': Read-only file system
[ 1185.742515] init: SVC_EXEC service 'derive_sdk' pid 43 (uid 9999 gid 9999+0 context default) started; waiting...
[ 1185.774831] init: Service 'derive_sdk' (pid 43) exited with status 0 waiting took 0.034000 seconds
[ 1185.774896] init: Sending signal 9 to service 'derive_sdk' (pid 43) process group...
[ 1185.775067] libprocessgroup: Successfully killed process cgroup uid 9999 pid 43 in 0ms
[ 1185.777025] init: starting service 'exec 6 (/system/bin/vdc --wait cryptfs init_user0)'...
[ 1185.780934] libprocessgroup: Failed to make and chown /acct/uid_0: Read-only file system
[ 1185.781069] init: createProcessGroup(0, 44) failed for service 'exec 6 (/system/bin/vdc --wait cryptfs init_user0)': Read-only file system
[ 1185.781185] init: SVC_EXEC service 'exec 6 (/system/bin/vdc --wait cryptfs init_user0)' pid 44 (uid 0 gid 0+0 context default) started; waiting...
[ 1185.816973] vdc: Waited 0ms for vold
[ 1185.881124] init: Service 'exec 6 (/system/bin/vdc --wait cryptfs init_user0)' (pid 44) exited with status 0 waiting took 0.100000 seconds
[ 1185.881188] init: Sending signal 9 to service 'exec 6 (/system/bin/vdc --wait cryptfs init_user0)' (pid 44) process group...
[ 1185.881361] libprocessgroup: Successfully killed process cgroup uid 0 pid 44 in 0ms
[ 1185.881892] init: starting service 'apexd-snapshotde'...
[ 1185.885714] libprocessgroup: Failed to make and chown /acct/uid_0: Read-only file system
[ 1185.885826] init: createProcessGroup(0, 47) failed for service 'apexd-snapshotde': Read-only file system
[ 1185.887369] init: SVC_EXEC service 'apexd-snapshotde' pid 47 (uid 0 gid 1000+0 context default) started; waiting...
[ 1185.943332] apexd: This device does not support updatable APEX. Exiting
[ 1185.943442] apexd: Marking APEXd as ready
[ 1185.948622] init: Service 'apexd-snapshotde' (pid 47) exited with status 0 waiting took 0.063000 seconds
[ 1185.948717] init: Sending signal 9 to service 'apexd-snapshotde' (pid 47) process group...
[ 1185.948898] libprocessgroup: Successfully killed process cgroup uid 0 pid 47 in 0ms
[ 1185.950468] init: starting service 'exec 7 (/system/bin/tzdatacheck /apex/com.android.tzdata/etc/tz /data/misc/zoneinfo)'...
[ 1185.954304] libprocessgroup: Failed to make and chown /acct/uid_1000: Read-only file system
[ 1185.954456] init: createProcessGroup(1000, 48) failed for service 'exec 7 (/system/bin/tzdatacheck /apex/com.android.tzdata/etc/tz /data/misc/zoneinfo)': Read-only file system
[ 1185.954565] init: SVC_EXEC service 'exec 7 (/system/bin/tzdatacheck /apex/com.android.tzdata/etc/tz /data/misc/zoneinfo)' pid 48 (uid 1000 gid 1000+0 context default) started; waiting...
[ 1185.985761] init: Service 'exec 7 (/system/bin/tzdatacheck /apex/com.android.tzdata/etc/tz /data/misc/zoneinfo)' (pid 48) exited with status 0 waiting took 0.031000 seconds
[ 1185.985818] init: Sending signal 9 to service 'exec 7 (/system/bin/tzdatacheck /apex/com.android.tzdata/etc/tz /data/misc/zoneinfo)' (pid 48) process group...
[ 1185.985995] libprocessgroup: Successfully killed process cgroup uid 1000 pid 48 in 0ms
[ 1185.987242] init: processing action (post-fs-data) from (/system/etc/init/hw/init.usb.rc:6)
[ 1185.990475] init: processing action (post-fs-data) from (/system/etc/init/adb_root.rc:6)
[ 1185.991462] init: processing action (post-fs-data) from (/system/etc/init/bootstat.rc:9)
[ 1185.995716] init: processing action (post-fs-data) from (/system/etc/init/gsid.rc:14)
[ 1185.995810] init: Not setting encryption policy on: /data/gsi
[ 1186.000220] init: processing action (post-fs-data) from (/system/etc/init/incidentd.rc:21)
[ 1186.001365] init: processing action (post-fs-data) from (/system/etc/init/init.waydroid.rc:9)
[ 1186.001450] init: Top-level directory needs encryption action, eg mkdir /data/icons <mode> <uid> <gid> encryption=Require
[ 1186.002760] init: Top-level directory needs encryption action, eg mkdir /data/waydroid_tmp <mode> <uid> <gid> encryption=Require
[ 1186.004360] init: processing action (post-fs-data) from (/system/etc/init/iorapd.rc:28)
[ 1186.005616] init: processing action (post-fs-data) from (/system/etc/init/lineage-ssh.rc:1)
[ 1186.008303] init: processing action (post-fs-data) from (/system/etc/init/lineage-system.rc:5)
[ 1186.008685] init: processing action (post-fs-data) from (/system/etc/init/lineage-updates.rc:1)
[ 1186.009764] init: processing action (post-fs-data) from (/system/etc/init/logtagd.rc:4)
[ 1186.012413] init: processing action (post-fs-data) from (/system/etc/init/perfetto.rc:67)
[ 1186.012550] init: Command 'rm /data/misc/perfetto-traces/.guardraildata' action=post-fs-data (/system/etc/init/perfetto.rc:68) took 0ms and failed: unlink() failed: No such file or directory
[ 1186.012679] init: processing action (post-fs-data) from (/system/etc/init/recovery-persist.rc:1)
[ 1186.013083] init: starting service 'exec 8 (/system/bin/recovery-persist)'...
[ 1186.016842] libprocessgroup: Failed to make and chown /acct/uid_1000: Read-only file system
[ 1186.016998] init: createProcessGroup(1000, 49) failed for service 'exec 8 (/system/bin/recovery-persist)': Read-only file system
[ 1186.017303] init: processing action (post-fs-data) from (/system/etc/init/tombstoned.rc:10)
[ 1186.017648] init: starting service 'tombstoned'...
[ 1186.018031] init: Created socket '/dev/socket/tombstoned_crash', mode 666, user 1000, group 1000
[ 1186.018255] init: Created socket '/dev/socket/tombstoned_intercept', mode 666, user 1000, group 1000
[ 1186.018639] init: Created socket '/dev/socket/tombstoned_java_trace', mode 666, user 1000, group 1000
[ 1186.023279] libprocessgroup: Failed to make and chown /acct/uid_1058: Read-only file system
[ 1186.023414] init: createProcessGroup(1058, 50) failed for service 'tombstoned': Read-only file system
[ 1186.026056] init: processing action (post-fs-data) from (/system/etc/init/wifi.rc:18)
[ 1186.026366] init: processing action (load_persist_props_action) from (/system/etc/init/hw/init.rc:405)
[ 1186.027021] init: Couldn't load property file '/data/local.prop': open() failed: No such file or directory: No such file or directory
[ 1186.027279] init: Could not load single persistent property file, trying legacy directory: Unable to read persistent property file: open() failed: No such file or directory
[ 1186.049595] init: Service 'exec 8 (/system/bin/recovery-persist)' (pid 49) exited with status 0 oneshot service took 0.033000 seconds in background
[ 1186.049654] init: Sending signal 9 to service 'exec 8 (/system/bin/recovery-persist)' (pid 49) process group...
[ 1186.049845] libprocessgroup: Successfully killed process cgroup uid 1000 pid 49 in 0ms
[ 1186.083277] init: Wait for property 'ro.persistent_properties.ready=true' took 56ms
[ 1186.083893] init: starting service 'logd-reinit'...
[ 1186.087615] libprocessgroup: Failed to make and chown /acct/uid_1036: Read-only file system
[ 1186.087790] init: createProcessGroup(1036, 51) failed for service 'logd-reinit': Read-only file system
[ 1186.089900] init: processing action (load_persist_props_action) from (/system/etc/init/flags_health_check.rc:1)
[ 1186.090190] init: Top-level directory needs encryption action, eg mkdir /data/server_configurable_flags <mode> <uid> <gid> encryption=Require
[ 1186.093070] init: starting service 'exec 9 (/system/bin/flags_health_check BOOT_FAILURE)'...
[ 1186.097276] libprocessgroup: Failed to make and chown /acct/uid_1000: Read-only file system
[ 1186.097476] init: createProcessGroup(1000, 52) failed for service 'exec 9 (/system/bin/flags_health_check BOOT_FAILURE)': Read-only file system
[ 1186.097762] init: SVC_EXEC service 'exec 9 (/system/bin/flags_health_check BOOT_FAILURE)' pid 52 (uid 1000 gid 1000+0 context default) started; waiting...
[ 1186.123016] logd.daemon: reinit
[ 1186.125350] init: Service 'logd-reinit' (pid 51) exited with status 0 oneshot service took 0.038000 seconds in background
[ 1186.125414] init: Sending signal 9 to service 'logd-reinit' (pid 51) process group...
[ 1186.125604] libprocessgroup: Successfully killed process cgroup uid 1036 pid 51 in 0ms
[ 1186.150417] init: Service 'exec 9 (/system/bin/flags_health_check BOOT_FAILURE)' (pid 52) exited with status 0 waiting took 0.053000 seconds
[ 1186.150540] init: Sending signal 9 to service 'exec 9 (/system/bin/flags_health_check BOOT_FAILURE)' (pid 52) process group...
[ 1186.150718] libprocessgroup: Successfully killed process cgroup uid 1000 pid 52 in 0ms
[ 1186.151123] init: processing action (load_persist_props_action) from (/system/etc/init/logcatd.rc:29)
[ 1186.152323] init: processing action (load_bpf_programs) from (/system/etc/init/bpfloader.rc:20)
[ 1186.153839] init: starting service 'bpfloader'...
[ 1186.157814] libprocessgroup: Failed to make and chown /acct/uid_0: Read-only file system
[ 1186.157931] init: createProcessGroup(0, 53) failed for service 'bpfloader': Read-only file system
[ 1186.160287] init: processing action (persist.sys.fuse=true && zygote-start) from (/system/etc/init/hw/init.rc:802)
[ 1186.164615] init: processing action (ro.crypto.state=unencrypted && zygote-start) from (/system/etc/init/hw/init.rc:817)
[ 1186.164732] init: Command 'exec_start update_verifier_nonencrypted' action=ro.crypto.state=unencrypted && zygote-start (/system/etc/init/hw/init.rc:819) took 0ms and failed: Service not found
[ 1186.165367] init: starting service 'statsd'...
[ 1186.165701] init: Created socket '/dev/socket/statsdw', mode 222, user 1066, group 1066
[ 1186.169897] libprocessgroup: Failed to make and chown /acct/uid_1066: Read-only file system
[ 1186.170034] init: createProcessGroup(1066, 54) failed for service 'statsd': Read-only file system
[ 1186.172656] init: starting service 'netd'...
[ 1186.173069] init: Created socket '/dev/socket/dnsproxyd', mode 660, user 0, group 3003
[ 1186.173431] init: Created socket '/dev/socket/mdns', mode 660, user 0, group 1000
[ 1186.173746] init: Created socket '/dev/socket/fwmarkd', mode 660, user 0, group 3003
[ 1186.178724] libprocessgroup: Failed to make and chown /acct/uid_0: Read-only file system
[ 1186.178843] init: createProcessGroup(0, 55) failed for service 'netd': Read-only file system
[ 1186.181546] init: starting service 'zygote'...
[ 1186.181883] init: Created socket '/dev/socket/zygote', mode 660, user 0, group 1000
[ 1186.182088] init: Created socket '/dev/socket/usap_pool_primary', mode 660, user 0, group 1000
[ 1186.186218] libprocessgroup: Failed to make and chown /acct/uid_0: Read-only file system
[ 1186.186405] init: createProcessGroup(0, 56) failed for service 'zygote': Read-only file system
[ 1186.188933] init: starting service 'zygote_secondary'...
[ 1186.189241] init: Created socket '/dev/socket/zygote_secondary', mode 660, user 0, group 1000
[ 1186.189473] init: Created socket '/dev/socket/usap_pool_secondary', mode 660, user 0, group 1000
[ 1186.191265] libprocessgroup: Failed to open /dev/stune/top-app/tasks: No such file or directory: No such file or directory
[ 1186.191326] libprocessgroup: Failed to apply MaxPerformance task profile: No such file or directory
[ 1186.193569] libprocessgroup: Failed to make and chown /acct/uid_0: Read-only file system
[ 1186.193688] init: createProcessGroup(0, 57) failed for service 'zygote_secondary': Read-only file system
[ 1186.195985] init: processing action (firmware_mounts_complete) from (/system/etc/init/hw/init.rc:411)
[ 1186.196362] init: processing action (early-boot) from (/system/etc/init/installd.rc:5)
[ 1186.200729] libprocessgroup: Failed to open /dev/stune/top-app/tasks: No such file or directory: No such file or directory
[ 1186.200794] libprocessgroup: Failed to apply MaxPerformance task profile: No such file or directory
[ 1186.253715] init: processing action (boot) from (/system/etc/init/hw/init.rc:841)
[ 1186.254746] init: Command 'hostname localhost' action=boot (/system/etc/init/hw/init.rc:844) took 0ms and failed: Unable to write to /proc/sys/kernel/hostname: open() failed: Read-only file system
[ 1186.256222] init: Command 'domainname localdomain' action=boot (/system/etc/init/hw/init.rc:845) took 1ms and failed: Unable to write to /proc/sys/kernel/domainname: open() failed: Read-only file system
[ 1186.257960] init: Command 'write /proc/sys/vm/overcommit_memory 1' action=boot (/system/etc/init/hw/init.rc:853) took 0ms and failed: Unable to write to file '/proc/sys/vm/overcommit_memory': open() failed: Read-only file system
[ 1186.259138] init: Command 'chown root system /sys/block/zram0/idle' action=boot (/system/etc/init/hw/init.rc:857) took 0ms and failed: lchown() failed: Read-only file system
[ 1186.260919] init: Command 'chmod 0664 /sys/block/zram0/idle' action=boot (/system/etc/init/hw/init.rc:858) took 0ms and failed: fchmodat() failed: Read-only file system
[ 1186.261387] init: Command 'chown root system /sys/block/zram0/writeback' action=boot (/system/etc/init/hw/init.rc:859) took 0ms and failed: lchown() failed: Read-only file system
[ 1186.261773] init: Command 'chmod 0664 /sys/block/zram0/writeback' action=boot (/system/etc/init/hw/init.rc:860) took 0ms and failed: fchmodat() failed: Read-only file system
[ 1186.262743] init: Command 'write /proc/sys/vm/dirty_expire_centisecs 200' action=boot (/system/etc/init/hw/init.rc:863) took 0ms and failed: Unable to write to file '/proc/sys/vm/dirty_expire_centisecs': open() failed: Read-only file system
